Archive member included to satisfy reference by file (symbol)

/root/msdk-2024_02/Libraries/PeriphDrivers/bin/MAX78000/softfp/libPeriphDriver_softfp.a(mxc_delay.o)
                              /decoder/build/board.o (MXC_Delay)
/root/msdk-2024_02/Libraries/PeriphDrivers/bin/MAX78000/softfp/libPeriphDriver_softfp.a(nvic_table.o)
                              /decoder/build/simple_flash.o (MXC_NVIC_SetVector)
/root/msdk-2024_02/Libraries/PeriphDrivers/bin/MAX78000/softfp/libPeriphDriver_softfp.a(pins_ai85.o)
                              /decoder/build/camera.o (gpio_cfg_pcif_xclk)
/root/msdk-2024_02/Libraries/PeriphDrivers/bin/MAX78000/softfp/libPeriphDriver_softfp.a(sys_ai85.o)
                              /decoder/build/board.o (MXC_SYS_ClockEnable)
/root/msdk-2024_02/Libraries/PeriphDrivers/bin/MAX78000/softfp/libPeriphDriver_softfp.a(aes_me17.o)
                              /root/msdk-2024_02/Libraries/PeriphDrivers/bin/MAX78000/softfp/libPeriphDriver_softfp.a(sys_ai85.o) (MXC_AES_Init)
/root/msdk-2024_02/Libraries/PeriphDrivers/bin/MAX78000/softfp/libPeriphDriver_softfp.a(aes_revb.o)
                              /root/msdk-2024_02/Libraries/PeriphDrivers/bin/MAX78000/softfp/libPeriphDriver_softfp.a(aes_me17.o) (MXC_AES_RevB_Init)
/root/msdk-2024_02/Libraries/PeriphDrivers/bin/MAX78000/softfp/libPeriphDriver_softfp.a(cameraif_ai85.o)
                              /decoder/build/camera.o (MXC_PCIF_Init)
/root/msdk-2024_02/Libraries/PeriphDrivers/bin/MAX78000/softfp/libPeriphDriver_softfp.a(cameraif_reva.o)
                              /root/msdk-2024_02/Libraries/PeriphDrivers/bin/MAX78000/softfp/libPeriphDriver_softfp.a(cameraif_ai85.o) (MXC_PCIF_RevA_SetDatawidth)
/root/msdk-2024_02/Libraries/PeriphDrivers/bin/MAX78000/softfp/libPeriphDriver_softfp.a(dma_me17.o)
                              /decoder/build/fastspi.o (MXC_DMA_Init)
/root/msdk-2024_02/Libraries/PeriphDrivers/bin/MAX78000/softfp/libPeriphDriver_softfp.a(dma_reva.o)
                              /root/msdk-2024_02/Libraries/PeriphDrivers/bin/MAX78000/softfp/libPeriphDriver_softfp.a(dma_me17.o) (MXC_DMA_RevA_Init)
/root/msdk-2024_02/Libraries/PeriphDrivers/bin/MAX78000/softfp/libPeriphDriver_softfp.a(flc_me17.o)
                              /decoder/build/simple_flash.o (MXC_FLC_PageErase)
/root/msdk-2024_02/Libraries/PeriphDrivers/bin/MAX78000/softfp/libPeriphDriver_softfp.a(flc_reva.o)
                              /root/msdk-2024_02/Libraries/PeriphDrivers/bin/MAX78000/softfp/libPeriphDriver_softfp.a(flc_me17.o) (MXC_FLC_RevA_Busy)
/root/msdk-2024_02/Libraries/PeriphDrivers/bin/MAX78000/softfp/libPeriphDriver_softfp.a(gpio_ai85.o)
                              /decoder/build/led.o (MXC_GPIO_Config)
/root/msdk-2024_02/Libraries/PeriphDrivers/bin/MAX78000/softfp/libPeriphDriver_softfp.a(gpio_reva.o)
                              /root/msdk-2024_02/Libraries/PeriphDrivers/bin/MAX78000/softfp/libPeriphDriver_softfp.a(gpio_ai85.o) (MXC_GPIO_RevA_InGet)
/root/msdk-2024_02/Libraries/PeriphDrivers/bin/MAX78000/softfp/libPeriphDriver_softfp.a(i2c_me17.o)
                              /decoder/build/max20303.o (MXC_I2C_Init)
/root/msdk-2024_02/Libraries/PeriphDrivers/bin/MAX78000/softfp/libPeriphDriver_softfp.a(i2c_reva.o)
                              /root/msdk-2024_02/Libraries/PeriphDrivers/bin/MAX78000/softfp/libPeriphDriver_softfp.a(i2c_me17.o) (MXC_I2C_RevA_DMACallback)
/root/msdk-2024_02/Libraries/PeriphDrivers/bin/MAX78000/softfp/libPeriphDriver_softfp.a(icc_me17.o)
                              /decoder/build/system_max78000.o (MXC_ICC_Enable)
/root/msdk-2024_02/Libraries/PeriphDrivers/bin/MAX78000/softfp/libPeriphDriver_softfp.a(icc_reva.o)
                              /root/msdk-2024_02/Libraries/PeriphDrivers/bin/MAX78000/softfp/libPeriphDriver_softfp.a(icc_me17.o) (MXC_ICC_RevA_ID)
/root/msdk-2024_02/Libraries/PeriphDrivers/bin/MAX78000/softfp/libPeriphDriver_softfp.a(pt_ai85.o)
                              /decoder/build/camera.o (MXC_PT_Init)
/root/msdk-2024_02/Libraries/PeriphDrivers/bin/MAX78000/softfp/libPeriphDriver_softfp.a(pt_reva.o)
                              /root/msdk-2024_02/Libraries/PeriphDrivers/bin/MAX78000/softfp/libPeriphDriver_softfp.a(pt_ai85.o) (MXC_PT_RevA_Init)
/root/msdk-2024_02/Libraries/PeriphDrivers/bin/MAX78000/softfp/libPeriphDriver_softfp.a(spi_me17.o)
                              /decoder/build/tft_ili9341.o (MXC_SPI_Init)
/root/msdk-2024_02/Libraries/PeriphDrivers/bin/MAX78000/softfp/libPeriphDriver_softfp.a(spi_reva1.o)
                              /root/msdk-2024_02/Libraries/PeriphDrivers/bin/MAX78000/softfp/libPeriphDriver_softfp.a(spi_me17.o) (MXC_SPI_RevA1_Init)
/root/msdk-2024_02/Libraries/PeriphDrivers/bin/MAX78000/softfp/libPeriphDriver_softfp.a(trng_revb.o)
                              /root/msdk-2024_02/Libraries/PeriphDrivers/bin/MAX78000/softfp/libPeriphDriver_softfp.a(aes_me17.o) (MXC_TRNG_RevB_GenerateKey)
[...]
Memory Configuration

Name             Origin             Length             Attributes
ROM              0x00000000         0x00010000         xr
BOOTLOADER       0x10000000         0x0000e000         xr
FLASH            0x1000e000         0x00038000         xr
RESERVED         0x10046000         0x00038000         rw
ROM_BL_PAGE      0x1007e000         0x00002000         rw
SRAM             0x20000000         0x00020000         xrw
*default*        0x00000000         0xffffffff

Linker script and memory map

LOAD /usr/lib/gcc/arm-none-eabi/13.2.1/thumb/v7e-m/nofp/crti.o
LOAD /usr/lib/gcc/arm-none-eabi/13.2.1/thumb/v7e-m/nofp/crtbegin.o
LOAD /usr/lib/gcc/arm-none-eabi/13.2.1/../../../arm-none-eabi/lib/thumb/v7e-m/nofp/crt0.o
LOAD /decoder/build/decoder.o
LOAD /decoder/build/host_messaging.o
LOAD /decoder/build/simple_crypto.o
LOAD /decoder/build/simple_flash.o
LOAD /decoder/build/simple_uart.o
LOAD /decoder/build/board.o
LOAD /decoder/build/stdio.o
LOAD /decoder/build/led.o
LOAD /decoder/build/pb.o
LOAD /decoder/build/tft_ili9341.o
LOAD /decoder/build/camera.o
LOAD /decoder/build/ov7692.o
LOAD /decoder/build/sccb.o
LOAD /decoder/build/max20303.o
LOAD /decoder/build/max9867.o
LOAD /decoder/build/N01S830HA.o
LOAD /decoder/build/fastspi.o
LOAD /decoder/build/startup_firmware.o
LOAD /decoder/build/heap.o
LOAD /decoder/build/system_max78000.o
START GROUP
LOAD /root/msdk-2024_02/Libraries/PeriphDrivers/bin/MAX78000/softfp/libPeriphDriver_softfp.a
LOAD /usr/lib/gcc/arm-none-eabi/13.2.1/../../../arm-none-eabi/lib/thumb/v7e-m/nofp/libc.a
LOAD /usr/lib/gcc/arm-none-eabi/13.2.1/../../../arm-none-eabi/lib/thumb/v7e-m/nofp/libm.a
LOAD /usr/lib/gcc/arm-none-eabi/13.2.1/../../../arm-none-eabi/lib/thumb/v7e-m/nofp/libnosys.a
END GROUP
START GROUP
LOAD /usr/lib/gcc/arm-none-eabi/13.2.1/thumb/v7e-m/nofp/libgcc.a
LOAD /usr/lib/gcc/arm-none-eabi/13.2.1/../../../arm-none-eabi/lib/thumb/v7e-m/nofp/libc.a
END GROUP
LOAD /usr/lib/gcc/arm-none-eabi/13.2.1/thumb/v7e-m/nofp/crtend.o
LOAD /usr/lib/gcc/arm-none-eabi/13.2.1/thumb/v7e-m/nofp/crtn.o

.rom
 *(.rom_vector)
 *(.rom_handlers*)

.text           0x1000e000     0xa1dc
                0x1000e000                        _text = .
 *(.isr_vector)
 .isr_vector    0x1000e000      0x1e0 /decoder/build/startup_firmware.o
                0x1000e000                __isr_vector
 *(.firmware_startup)
 *fill*         0x1000e1e0       0x20 
 .firmware_startup
                0x1000e200        0x8 /decoder/build/startup_firmware.o
                0x1000e200                firmware_startup
 *(.text*)
 .text          0x1000e208       0x88 /usr/lib/gcc/arm-none-eabi/13.2.1/thumb/v7e-m/nofp/crtbegin.o
 .text.deobfuscate
                0x1000e290       0xc4 /decoder/build/decoder.o
                0x1000e290                deobfuscate
 .text.boot_flag
                0x1000e354       0x60 /decoder/build/decoder.o
                0x1000e354                boot_flag
 .text.list_channels
                0x1000e3b4       0x74 /decoder/build/decoder.o
                0x1000e3b4                list_channels
 .text.update_subscription
                0x1000e428       0xc4 /decoder/build/decoder.o
                0x1000e428                update_subscription
 .text.decode   0x1000e4ec       0xa4 /decoder/build/decoder.o
                0x1000e4ec                decode
 .text.init     0x1000e590       0xa4 /decoder/build/decoder.o
                0x1000e590                init
 .text.startup.main
                0x1000e634      0x14c /decoder/build/decoder.o
                0x1000e634                main
 .text.read_bytes
                0x1000e780       0x6c /decoder/build/host_messaging.o
                0x1000e780                read_bytes
 .text.read_ack
                0x1000e7ec       0x40 /decoder/build/host_messaging.o
                0x1000e7ec                read_ack
 .text.write_bytes
                0x1000e82c       0x3c /decoder/build/host_messaging.o
                0x1000e82c                write_bytes
 .text.write_packet
                0x1000e868       0x7c /decoder/build/host_messaging.o
                0x1000e868                write_packet
 .text.read_packet
                0x1000e8e4       0xa8 /decoder/build/host_messaging.o
                0x1000e8e4                read_packet
 .text.flash_simple_irq
                0x1000e98c       0x30 /decoder/build/simple_flash.o
                0x1000e98c                flash_simple_irq
 .text.flash_simple_init
                0x1000e9bc       0x30 /decoder/build/simple_flash.o
                0x1000e9bc                flash_simple_init
 .text.flash_simple_erase_page
                0x1000e9ec        0x4 /decoder/build/simple_flash.o
                0x1000e9ec                flash_simple_erase_page
 .text.flash_simple_read
                0x1000e9f0        0x4 /decoder/build/simple_flash.o
                0x1000e9f0                flash_simple_read
 .text.flash_simple_write
                0x1000e9f4        0xc /decoder/build/simple_flash.o
                0x1000e9f4                flash_simple_write
 .text.uart_init
                0x1000ea00       0x2c /decoder/build/simple_uart.o
                0x1000ea00                uart_init
 .text.uart_readbyte
                0x1000ea2c        0xc /decoder/build/simple_uart.o
                0x1000ea2c                uart_readbyte
 .text.uart_writebyte
                0x1000ea38       0x10 /decoder/build/simple_uart.o
                0x1000ea38                uart_writebyte
 .text.GPIO0_IRQHandler
                0x1000ea48        0x8 /decoder/build/board.o
                0x1000ea48                GPIO0_IRQHandler
 .text.GPIO1_IRQHandler
                0x1000ea50        0x8 /decoder/build/board.o
                0x1000ea50                GPIO1_IRQHandler
 .text.Board_Init
                0x1000ea58       0x58 /decoder/build/board.o
                0x1000ea58                Board_Init
 .text.NMI_Handler
                0x1000eab0        0x4 /decoder/build/board.o
                0x1000eab0                NMI_Handler
 .text._close   0x1000eab4        0x8 /decoder/build/stdio.o
                0x1000eab4                _close
 .text._isatty  0x1000eabc        0x8 /decoder/build/stdio.o
                0x1000eabc                _isatty
 .text._lseek   0x1000eac4        0x8 /decoder/build/stdio.o
                0x1000eac4                _lseek
 .text._fstat   0x1000eacc        0x8 /decoder/build/stdio.o
                0x1000eacc                _fstat
 .text._read    0x1000ead4       0x5c /decoder/build/stdio.o
                0x1000ead4                _read
 .text._write   0x1000eb30       0x54 /decoder/build/stdio.o
                0x1000eb30                _write
 .text.LED_Init
                0x1000eb84       0x40 /decoder/build/led.o
                0x1000eb84                LED_Init
 .text.LED_On   0x1000ebc4       0x18 /decoder/build/led.o
                0x1000ebc4                LED_On
 .text.LED_Off  0x1000ebdc       0x18 /decoder/build/led.o
                0x1000ebdc                LED_Off
 .text.PB_Init  0x1000ebf4       0x38 /decoder/build/pb.o
                0x1000ebf4                PB_Init
 .text          0x1000ec2c      0x148 /decoder/build/startup_firmware.o
                0x1000ec2c                Reset_Handler
                0x1000ec6a                HardFault_Handler
                0x1000ec6c                MemManage_Handler
                0x1000ec6e                BusFault_Handler
                0x1000ec70                UsageFault_Handler
                0x1000ec72                SVC_Handler
                0x1000ec74                DebugMon_Handler
                0x1000ec76                PendSV_Handler
                0x1000ec78                SysTick_Handler
                0x1000ec7a                Default_Handler
                0x1000ec7c                PF_IRQHandler
                0x1000ec7e                WDT0_IRQHandler
                0x1000ec80                RSV02_IRQHandler
                0x1000ec82                RTC_IRQHandler
                0x1000ec84                TRNG_IRQHandler
                0x1000ec86                TMR0_IRQHandler
                0x1000ec88                TMR1_IRQHandler
                0x1000ec8a                TMR2_IRQHandler
                0x1000ec8c                TMR3_IRQHandler
                0x1000ec8e                TMR4_IRQHandler
                0x1000ec90                TMR5_IRQHandler
                0x1000ec92                RSV11_IRQHandler
                0x1000ec94                RSV12_IRQHandler
                0x1000ec96                I2C0_IRQHandler
                0x1000ec98                UART0_IRQHandler
                0x1000ec9a                UART1_IRQHandler
                0x1000ec9c                SPI1_IRQHandler
                0x1000ec9e                RSV17_IRQHandler
                0x1000eca0                RSV18_IRQHandler
                0x1000eca2                RSV19_IRQHandler
                0x1000eca4                ADC_IRQHandler
                0x1000eca6                RSV21_IRQHandler
                0x1000eca8                RSV22_IRQHandler
                0x1000ecaa                FLC0_IRQHandler
                0x1000ecb0                GPIO2_IRQHandler
                0x1000ecb2                RSV27_IRQHandler
                0x1000ecb4                DMA0_IRQHandler
                0x1000ecb6                DMA1_IRQHandler
                0x1000ecb8                DMA2_IRQHandler
                0x1000ecba                DMA3_IRQHandler
                0x1000ecbc                RSV32_IRQHandler
                0x1000ecbe                RSV33_IRQHandler
                0x1000ecc0                UART2_IRQHandler
                0x1000ecc2                RSV35_IRQHandler
                0x1000ecc4                I2C1_IRQHandler
                0x1000ecc6                RSV37_IRQHandler
                0x1000ecc8                RSV38_IRQHandler
                0x1000ecca                RSV39_IRQHandler
                0x1000eccc                RSV40_IRQHandler
                0x1000ecce                RSV41_IRQHandler
                0x1000ecd0                RSV42_IRQHandler
                0x1000ecd2                RSV43_IRQHandler
                0x1000ecd4                RSV44_IRQHandler
                0x1000ecd6                RSV45_IRQHandler
                0x1000ecd8                RSV46_IRQHandler
                0x1000ecda                RSV47_IRQHandler
                0x1000ecdc                RSV48_IRQHandler
                0x1000ecde                RSV49_IRQHandler
                0x1000ece0                RSV50_IRQHandler
                0x1000ece2                RSV51_IRQHandler
                0x1000ece4                RSV52_IRQHandler
                0x1000ece6                WUT_IRQHandler
                0x1000ece8                GPIOWAKE_IRQHandler
                0x1000ecea                RSV55_IRQHandler
                0x1000ecec                SPI0_IRQHandler
                0x1000ecee                WDT1_IRQHandler
                0x1000ecf0                RSV58_IRQHandler
                0x1000ecf2                PT_IRQHandler
                0x1000ecf4                RSV60_IRQHandler
                0x1000ecf6                RSV61_IRQHandler
                0x1000ecf8                I2C2_IRQHandler
                0x1000ecfa                RISCV_IRQHandler
                0x1000ecfc                RSV64_IRQHandler
                0x1000ecfe                RSV65_IRQHandler
                0x1000ed00                RSV66_IRQHandler
                0x1000ed02                OWM_IRQHandler
                0x1000ed04                RSV68_IRQHandler
                0x1000ed06                RSV69_IRQHandler
                0x1000ed08                RSV70_IRQHandler
                0x1000ed0a                RSV71_IRQHandler
                0x1000ed0c                RSV72_IRQHandler
                0x1000ed0e                RSV73_IRQHandler
                0x1000ed10                RSV74_IRQHandler
                0x1000ed12                RSV75_IRQHandler
                0x1000ed14                RSV76_IRQHandler
                0x1000ed16                RSV77_IRQHandler
                0x1000ed18                RSV78_IRQHandler
                0x1000ed1a                RSV79_IRQHandler
                0x1000ed1c                RSV80_IRQHandler
                0x1000ed1e                RSV81_IRQHandler
                0x1000ed20                ECC_IRQHandler
                0x1000ed22                DVS_IRQHandler
                0x1000ed24                SIMO_IRQHandler
                0x1000ed26                RSV85_IRQHandler
                0x1000ed28                RSV86_IRQHandler
                0x1000ed2a                RSV87_IRQHandler
                0x1000ed2c                UART3_IRQHandler
                0x1000ed2e                RSV89_IRQHandler
                0x1000ed30                RSV90_IRQHandler
                0x1000ed32                PCIF_IRQHandler
                0x1000ed34                RSV92_IRQHandler
                0x1000ed36                RSV93_IRQHandler
                0x1000ed38                RSV94_IRQHandler
                0x1000ed3a                RSV95_IRQHandler
                0x1000ed3c                RSV96_IRQHandler
                0x1000ed3e                AES_IRQHandler
                0x1000ed40                RSV98_IRQHandler
                0x1000ed42                I2S_IRQHandler
                0x1000ed44                CNN_FIFO_IRQHandler
                0x1000ed46                CNN_IRQHandler
                0x1000ed48                RSV102_IRQHandler
                0x1000ed4a                LPCMP_IRQHandler
 .text._sbrk    0x1000ed74       0x3c /decoder/build/heap.o
                0x1000ed74                _sbrk
 .text._getpid  0x1000edb0        0x8 /decoder/build/system_max78000.o
                0x1000edb0                _getpid
 .text._kill    0x1000edb8        0x8 /decoder/build/system_max78000.o
                0x1000edb8                _kill
 .text.SystemCoreClockUpdate
                0x1000edc0       0x6c /decoder/build/system_max78000.o
                0x1000edc0                SystemCoreClockUpdate
 .text.PreInit  0x1000ee2c        0x4 /decoder/build/system_max78000.o
                0x1000ee2c                PreInit
 .text.SystemInit
                0x1000ee30       0x38 /decoder/build/system_max78000.o
                0x1000ee30                SystemInit
 .text.MXC_DelayInit
                0x1000ee68       0x7c /root/msdk-2024_02/Libraries/PeriphDrivers/bin/MAX78000/softfp/libPeriphDriver_softfp.a(mxc_delay.o)
 .text.MXC_DelayAsync
                0x1000eee4       0x3c /root/msdk-2024_02/Libraries/PeriphDrivers/bin/MAX78000/softfp/libPeriphDriver_softfp.a(mxc_delay.o)
                0x1000eee4                MXC_DelayAsync
 .text.MXC_DelayCheck
                0x1000ef20       0x70 /root/msdk-2024_02/Libraries/PeriphDrivers/bin/MAX78000/softfp/libPeriphDriver_softfp.a(mxc_delay.o)
                0x1000ef20                MXC_DelayCheck
 .text.MXC_DelayAbort
                0x1000ef90       0x34 /root/msdk-2024_02/Libraries/PeriphDrivers/bin/MAX78000/softfp/libPeriphDriver_softfp.a(mxc_delay.o)
                0x1000ef90                MXC_DelayAbort
 .text.MXC_Delay
                0x1000efc4       0x74 /root/msdk-2024_02/Libraries/PeriphDrivers/bin/MAX78000/softfp/libPeriphDriver_softfp.a(mxc_delay.o)
                0x1000efc4                MXC_Delay
 .text.MXC_NVIC_SetVector
                0x1000f038       0x50 /root/msdk-2024_02/Libraries/PeriphDrivers/bin/MAX78000/softfp/libPeriphDriver_softfp.a(nvic_table.o)
                0x1000f038                MXC_NVIC_SetVector
 .text.MXC_SYS_ClockDisable
                0x1000f088       0x40 /root/msdk-2024_02/Libraries/PeriphDrivers/bin/MAX78000/softfp/libPeriphDriver_softfp.a(sys_ai85.o)
                0x1000f088                MXC_SYS_ClockDisable
 .text.MXC_SYS_ClockEnable
                0x1000f0c8       0x44 /root/msdk-2024_02/Libraries/PeriphDrivers/bin/MAX78000/softfp/libPeriphDriver_softfp.a(sys_ai85.o)
                0x1000f0c8                MXC_SYS_ClockEnable
 .text.MXC_SYS_ClockSourceEnable
                0x1000f10c       0xf4 /root/msdk-2024_02/Libraries/PeriphDrivers/bin/MAX78000/softfp/libPeriphDriver_softfp.a(sys_ai85.o)
                0x1000f10c                MXC_SYS_ClockSourceEnable
 .text.MXC_SYS_Reset_Periph
                0x1000f200       0x48 /root/msdk-2024_02/Libraries/PeriphDrivers/bin/MAX78000/softfp/libPeriphDriver_softfp.a(sys_ai85.o)
                0x1000f200                MXC_SYS_Reset_Periph
 .text.MXC_FLC_Write32
                0x1000f248       0x70 /root/msdk-2024_02/Libraries/PeriphDrivers/bin/MAX78000/softfp/libPeriphDriver_softfp.a(flc_me17.o)
                0x1000f248                MXC_FLC_Write32
 .text.MXC_FLC_Write
                0x1000f2b8        0x4 /root/msdk-2024_02/Libraries/PeriphDrivers/bin/MAX78000/softfp/libPeriphDriver_softfp.a(flc_me17.o)
                0x1000f2b8                MXC_FLC_Write
 .text.MXC_FLC_Read
                0x1000f2bc        0x4 /root/msdk-2024_02/Libraries/PeriphDrivers/bin/MAX78000/softfp/libPeriphDriver_softfp.a(flc_me17.o)
                0x1000f2bc                MXC_FLC_Read
 .text.MXC_FLC_EnableInt
                0x1000f2c0        0x4 /root/msdk-2024_02/Libraries/PeriphDrivers/bin/MAX78000/softfp/libPeriphDriver_softfp.a(flc_me17.o)
                0x1000f2c0                MXC_FLC_EnableInt
 .text.MXC_FLC_RevA_EnableInt
                0x1000f2c4       0x20 /root/msdk-2024_02/Libraries/PeriphDrivers/bin/MAX78000/softfp/libPeriphDriver_softfp.a(flc_reva.o)
                0x1000f2c4                MXC_FLC_RevA_EnableInt
 .text.MXC_GPIO_Init
                0x1000f2e4       0x40 /root/msdk-2024_02/Libraries/PeriphDrivers/bin/MAX78000/softfp/libPeriphDriver_softfp.a(gpio_ai85.o)
                0x1000f2e4                MXC_GPIO_Init
 .text.MXC_GPIO_Config
                0x1000f324      0x244 /root/msdk-2024_02/Libraries/PeriphDrivers/bin/MAX78000/softfp/libPeriphDriver_softfp.a(gpio_ai85.o)
                0x1000f324                MXC_GPIO_Config
 .text.MXC_GPIO_OutSet
                0x1000f568       0x2c /root/msdk-2024_02/Libraries/PeriphDrivers/bin/MAX78000/softfp/libPeriphDriver_softfp.a(gpio_ai85.o)
                0x1000f568                MXC_GPIO_OutSet
 .text.MXC_GPIO_OutClr
                0x1000f594       0x30 /root/msdk-2024_02/Libraries/PeriphDrivers/bin/MAX78000/softfp/libPeriphDriver_softfp.a(gpio_ai85.o)
                0x1000f594                MXC_GPIO_OutClr
 .text.MXC_GPIO_Handler
                0x1000f5c4        0x4 /root/msdk-2024_02/Libraries/PeriphDrivers/bin/MAX78000/softfp/libPeriphDriver_softfp.a(gpio_ai85.o)
                0x1000f5c4                MXC_GPIO_Handler
 .text.MXC_GPIO_ClearFlags
                0x1000f5c8       0x18 /root/msdk-2024_02/Libraries/PeriphDrivers/bin/MAX78000/softfp/libPeriphDriver_softfp.a(gpio_ai85.o)
                0x1000f5c8                MXC_GPIO_ClearFlags
 .text.MXC_GPIO_GetFlags
                0x1000f5e0       0x18 /root/msdk-2024_02/Libraries/PeriphDrivers/bin/MAX78000/softfp/libPeriphDriver_softfp.a(gpio_ai85.o)
                0x1000f5e0                MXC_GPIO_GetFlags
 .text.MXC_GPIO_RevA_OutSet
                0x1000f5f8        0x4 /root/msdk-2024_02/Libraries/PeriphDrivers/bin/MAX78000/softfp/libPeriphDriver_softfp.a(gpio_reva.o)
                0x1000f5f8                MXC_GPIO_RevA_OutSet
 .text.MXC_GPIO_RevA_OutClr
                0x1000f5fc        0x4 /root/msdk-2024_02/Libraries/PeriphDrivers/bin/MAX78000/softfp/libPeriphDriver_softfp.a(gpio_reva.o)
                0x1000f5fc                MXC_GPIO_RevA_OutClr
 .text.MXC_GPIO_RevA_ClearFlags
                0x1000f600        0x4 /root/msdk-2024_02/Libraries/PeriphDrivers/bin/MAX78000/softfp/libPeriphDriver_softfp.a(gpio_reva.o)
                0x1000f600                MXC_GPIO_RevA_ClearFlags
 .text.MXC_GPIO_RevA_GetFlags
                0x1000f604        0x4 /root/msdk-2024_02/Libraries/PeriphDrivers/bin/MAX78000/softfp/libPeriphDriver_softfp.a(gpio_reva.o)
                0x1000f604                MXC_GPIO_RevA_GetFlags
 .text.MXC_GPIO_RevA_SetVSSEL
                0x1000f608       0x2c /root/msdk-2024_02/Libraries/PeriphDrivers/bin/MAX78000/softfp/libPeriphDriver_softfp.a(gpio_reva.o)
                0x1000f608                MXC_GPIO_RevA_SetVSSEL
 .text.MXC_GPIO_RevA_SetAF
                0x1000f634       0x6c /root/msdk-2024_02/Libraries/PeriphDrivers/bin/MAX78000/softfp/libPeriphDriver_softfp.a(gpio_reva.o)
                0x1000f634                MXC_GPIO_RevA_SetAF
 .text.MXC_GPIO_RevA_SetDriveStrength
                0x1000f6a0       0x74 /root/msdk-2024_02/Libraries/PeriphDrivers/bin/MAX78000/softfp/libPeriphDriver_softfp.a(gpio_reva.o)
                0x1000f6a0                MXC_GPIO_RevA_SetDriveStrength
 .text.MXC_ICC_Enable
                0x1000f714        0x4 /root/msdk-2024_02/Libraries/PeriphDrivers/bin/MAX78000/softfp/libPeriphDriver_softfp.a(icc_me17.o)
                0x1000f714                MXC_ICC_Enable
 .text.MXC_ICC_Disable
                0x1000f718        0x4 /root/msdk-2024_02/Libraries/PeriphDrivers/bin/MAX78000/softfp/libPeriphDriver_softfp.a(icc_me17.o)
                0x1000f718                MXC_ICC_Disable
 .text.MXC_ICC_RevA_Enable
                0x1000f71c       0x30 /root/msdk-2024_02/Libraries/PeriphDrivers/bin/MAX78000/softfp/libPeriphDriver_softfp.a(icc_reva.o)
                0x1000f71c                MXC_ICC_RevA_Enable
 .text.MXC_ICC_RevA_Disable
                0x1000f74c       0x10 /root/msdk-2024_02/Libraries/PeriphDrivers/bin/MAX78000/softfp/libPeriphDriver_softfp.a(icc_reva.o)
                0x1000f74c                MXC_ICC_RevA_Disable
 .text.MXC_UART_Shutdown
                0x1000f75c       0x6c /root/msdk-2024_02/Libraries/PeriphDrivers/bin/MAX78000/softfp/libPeriphDriver_softfp.a(uart_ai85.o)
                0x1000f75c                MXC_UART_Shutdown
 .text.MXC_UART_Init
                0x1000f7c8       0xb8 /root/msdk-2024_02/Libraries/PeriphDrivers/bin/MAX78000/softfp/libPeriphDriver_softfp.a(uart_ai85.o)
                0x1000f7c8                MXC_UART_Init
 .text.MXC_UART_SetFrequency
                0x1000f880       0xd0 /root/msdk-2024_02/Libraries/PeriphDrivers/bin/MAX78000/softfp/libPeriphDriver_softfp.a(uart_ai85.o)
                0x1000f880                MXC_UART_SetFrequency
 .text.MXC_UART_GetFrequency
                0x1000f950       0x54 /root/msdk-2024_02/Libraries/PeriphDrivers/bin/MAX78000/softfp/libPeriphDriver_softfp.a(uart_ai85.o)
                0x1000f950                MXC_UART_GetFrequency
 .text.MXC_UART_SetDataSize
                0x1000f9a4        0x4 /root/msdk-2024_02/Libraries/PeriphDrivers/bin/MAX78000/softfp/libPeriphDriver_softfp.a(uart_ai85.o)
                0x1000f9a4                MXC_UART_SetDataSize
 .text.MXC_UART_SetStopBits
                0x1000f9a8        0x4 /root/msdk-2024_02/Libraries/PeriphDrivers/bin/MAX78000/softfp/libPeriphDriver_softfp.a(uart_ai85.o)
                0x1000f9a8                MXC_UART_SetStopBits
 .text.MXC_UART_SetParity
                0x1000f9ac        0x4 /root/msdk-2024_02/Libraries/PeriphDrivers/bin/MAX78000/softfp/libPeriphDriver_softfp.a(uart_ai85.o)
                0x1000f9ac                MXC_UART_SetParity
 .text.MXC_UART_ReadCharacterRaw
                0x1000f9b0        0x4 /root/msdk-2024_02/Libraries/PeriphDrivers/bin/MAX78000/softfp/libPeriphDriver_softfp.a(uart_ai85.o)
                0x1000f9b0                MXC_UART_ReadCharacterRaw
 .text.MXC_UART_WriteCharacterRaw
                0x1000f9b4        0x4 /root/msdk-2024_02/Libraries/PeriphDrivers/bin/MAX78000/softfp/libPeriphDriver_softfp.a(uart_ai85.o)
                0x1000f9b4                MXC_UART_WriteCharacterRaw
 .text.MXC_UART_ReadCharacter
                0x1000f9b8        0x4 /root/msdk-2024_02/Libraries/PeriphDrivers/bin/MAX78000/softfp/libPeriphDriver_softfp.a(uart_ai85.o)
                0x1000f9b8                MXC_UART_ReadCharacter
 .text.MXC_UART_WriteCharacter
                0x1000f9bc        0x4 /root/msdk-2024_02/Libraries/PeriphDrivers/bin/MAX78000/softfp/libPeriphDriver_softfp.a(uart_ai85.o)
                0x1000f9bc                MXC_UART_WriteCharacter
 .text.MXC_UART_GetRXFIFOAvailable
                0x1000f9c0        0x4 /root/msdk-2024_02/Libraries/PeriphDrivers/bin/MAX78000/softfp/libPeriphDriver_softfp.a(uart_ai85.o)
                0x1000f9c0                MXC_UART_GetRXFIFOAvailable
 .text.MXC_UART_GetTXFIFOAvailable
                0x1000f9c4        0x4 /root/msdk-2024_02/Libraries/PeriphDrivers/bin/MAX78000/softfp/libPeriphDriver_softfp.a(uart_ai85.o)
                0x1000f9c4                MXC_UART_GetTXFIFOAvailable
 .text.MXC_UART_SetRXThreshold
                0x1000f9c8        0x4 /root/msdk-2024_02/Libraries/PeriphDrivers/bin/MAX78000/softfp/libPeriphDriver_softfp.a(uart_ai85.o)
                0x1000f9c8                MXC_UART_SetRXThreshold
 .text.MXC_UART_Common_ReadCharacter
                0x1000f9cc       0x18 /root/msdk-2024_02/Libraries/PeriphDrivers/bin/MAX78000/softfp/libPeriphDriver_softfp.a(uart_common.o)
                0x1000f9cc                MXC_UART_Common_ReadCharacter
 .text.MXC_UART_Common_WriteCharacter
                0x1000f9e4       0x1c /root/msdk-2024_02/Libraries/PeriphDrivers/bin/MAX78000/softfp/libPeriphDriver_softfp.a(uart_common.o)
                0x1000f9e4                MXC_UART_Common_WriteCharacter
 .text.MXC_UART_RevB_Init
                0x1000fa00       0xac /root/msdk-2024_02/Libraries/PeriphDrivers/bin/MAX78000/softfp/libPeriphDriver_softfp.a(uart_revb.o)
                0x1000fa00                MXC_UART_RevB_Init
 .text.MXC_UART_RevB_SetFrequency
                0x1000faac       0x70 /root/msdk-2024_02/Libraries/PeriphDrivers/bin/MAX78000/softfp/libPeriphDriver_softfp.a(uart_revb.o)
                0x1000faac                MXC_UART_RevB_SetFrequency
 .text.MXC_UART_RevB_GetFrequency
                0x1000fb1c       0x58 /root/msdk-2024_02/Libraries/PeriphDrivers/bin/MAX78000/softfp/libPeriphDriver_softfp.a(uart_revb.o)
                0x1000fb1c                MXC_UART_RevB_GetFrequency
 .text.MXC_UART_RevB_SetDataSize
                0x1000fb74       0x20 /root/msdk-2024_02/Libraries/PeriphDrivers/bin/MAX78000/softfp/libPeriphDriver_softfp.a(uart_revb.o)
                0x1000fb74                MXC_UART_RevB_SetDataSize
 .text.MXC_UART_RevB_SetStopBits
                0x1000fb94       0x24 /root/msdk-2024_02/Libraries/PeriphDrivers/bin/MAX78000/softfp/libPeriphDriver_softfp.a(uart_revb.o)
                0x1000fb94                MXC_UART_RevB_SetStopBits
 .text.MXC_UART_RevB_SetParity
                0x1000fbb8       0x8c /root/msdk-2024_02/Libraries/PeriphDrivers/bin/MAX78000/softfp/libPeriphDriver_softfp.a(uart_revb.o)
                0x1000fbb8                MXC_UART_RevB_SetParity
 .text.MXC_UART_RevB_ReadCharacterRaw
                0x1000fc44       0x10 /root/msdk-2024_02/Libraries/PeriphDrivers/bin/MAX78000/softfp/libPeriphDriver_softfp.a(uart_revb.o)
                0x1000fc44                MXC_UART_RevB_ReadCharacterRaw
 .text.MXC_UART_RevB_WriteCharacterRaw
                0x1000fc54       0x14 /root/msdk-2024_02/Libraries/PeriphDrivers/bin/MAX78000/softfp/libPeriphDriver_softfp.a(uart_revb.o)
                0x1000fc54                MXC_UART_RevB_WriteCharacterRaw
 .text.MXC_UART_RevB_GetRXFIFOAvailable
                0x1000fc68        0x8 /root/msdk-2024_02/Libraries/PeriphDrivers/bin/MAX78000/softfp/libPeriphDriver_softfp.a(uart_revb.o)
                0x1000fc68                MXC_UART_RevB_GetRXFIFOAvailable
 .text.MXC_UART_RevB_GetTXFIFOAvailable
                0x1000fc70        0xc /root/msdk-2024_02/Libraries/PeriphDrivers/bin/MAX78000/softfp/libPeriphDriver_softfp.a(uart_revb.o)
                0x1000fc70                MXC_UART_RevB_GetTXFIFOAvailable
 .text.MXC_UART_RevB_SetRXThreshold
                0x1000fc7c       0x1c /root/msdk-2024_02/Libraries/PeriphDrivers/bin/MAX78000/softfp/libPeriphDriver_softfp.a(uart_revb.o)
                0x1000fc7c                MXC_UART_RevB_SetRXThreshold
 .text.MXC_GPIO_Common_Init
                0x1000fc98       0x24 /root/msdk-2024_02/Libraries/PeriphDrivers/bin/MAX78000/softfp/libPeriphDriver_softfp.a(gpio_common.o)
                0x1000fc98                MXC_GPIO_Common_Init
 .text.MXC_GPIO_Common_Handler
                0x1000fcbc       0x54 /root/msdk-2024_02/Libraries/PeriphDrivers/bin/MAX78000/softfp/libPeriphDriver_softfp.a(gpio_common.o)
                0x1000fcbc                MXC_GPIO_Common_Handler
 *fill*         0x1000fd10       0x30 
 .text          0x1000fd40       0xd8 /usr/lib/gcc/arm-none-eabi/13.2.1/../../../arm-none-eabi/lib/thumb/v7e-m/nofp/libc.a(libc_a-strlen.o)
                0x1000fd40                strlen
 .text          0x1000fe18       0xa4 /usr/lib/gcc/arm-none-eabi/13.2.1/../../../arm-none-eabi/lib/thumb/v7e-m/nofp/libc.a(libc_a-memset.o)
                0x1000fe18                memset
 .text          0x1000febc      0x19c /usr/lib/gcc/arm-none-eabi/13.2.1/../../../arm-none-eabi/lib/thumb/v7e-m/nofp/libc.a(libc_a-fflush.o)
                0x1000febc                __sflush_r
                0x1000ffe4                _fflush_r
                0x10010010                fflush
 .text          0x10010058        0xc /usr/lib/gcc/arm-none-eabi/13.2.1/../../../arm-none-eabi/lib/thumb/v7e-m/nofp/libc.a(libc_a-errno.o)
                0x10010058                __errno
 .text          0x10010064      0x2b0 /usr/lib/gcc/arm-none-eabi/13.2.1/../../../arm-none-eabi/lib/thumb/v7e-m/nofp/libc.a(libc_a-freer.o)
                0x10010064                _malloc_trim_r
                0x1001011c                _free_r
 .text          0x10010314      0x134 /usr/lib/gcc/arm-none-eabi/13.2.1/../../../arm-none-eabi/lib/thumb/v7e-m/nofp/libc.a(libc_a-memcpy.o)
                0x10010314                memcpy
 .text          0x10010448       0x1c /usr/lib/gcc/arm-none-eabi/13.2.1/../../../arm-none-eabi/lib/thumb/v7e-m/nofp/libc.a(libc_a-sysconf.o)
                0x10010448                sysconf
 .text          0x10010464       0x50 /usr/lib/gcc/arm-none-eabi/13.2.1/../../../arm-none-eabi/lib/thumb/v7e-m/nofp/libc.a(libc_a-init.o)
                0x10010464                __libc_init_array
 .text          0x100104b4        0x8 /usr/lib/gcc/arm-none-eabi/13.2.1/../../../arm-none-eabi/lib/thumb/v7e-m/nofp/libc.a(libc_a-mlock.o)
                0x100104b4                __malloc_lock
                0x100104b8                __malloc_unlock
 .text          0x100104bc      0x224 /usr/lib/gcc/arm-none-eabi/13.2.1/../../../arm-none-eabi/lib/thumb/v7e-m/nofp/libc.a(libc_a-findfp.o)
                0x100105ec                __sfp
                0x10010690                __sinit
                0x100106b0                __sfp_lock_acquire
                0x100106b4                __sfp_lock_release
                0x100106b8                __fp_lock_all
                0x100106cc                __fp_unlock_all
 .text          0x100106e0       0x7c /usr/lib/gcc/arm-none-eabi/13.2.1/../../../arm-none-eabi/lib/thumb/v7e-m/nofp/libc.a(libc_a-puts.o)
                0x100106e0                _puts_r
                0x1001074c                puts
 .text          0x1001075c      0x2f8 /usr/lib/gcc/arm-none-eabi/13.2.1/../../../arm-none-eabi/lib/thumb/v7e-m/nofp/libc.a(libc_a-fvwrite.o)
                0x1001075c                __sfvwrite_r
 .text          0x10010a54        0xc /usr/lib/gcc/arm-none-eabi/13.2.1/../../../arm-none-eabi/lib/thumb/v7e-m/nofp/libc.a(libc_a-atexit.o)
                0x10010a54                atexit
 .text          0x10010a60       0x80 /usr/lib/gcc/arm-none-eabi/13.2.1/../../../arm-none-eabi/lib/thumb/v7e-m/nofp/libc.a(libc_a-sprintf.o)
                0x10010a60                _sprintf_r
                0x10010a9c                sprintf
 .text          0x10010ae0       0x48 /usr/lib/gcc/arm-none-eabi/13.2.1/../../../arm-none-eabi/lib/thumb/v7e-m/nofp/libc.a(libc_a-printf.o)
                0x10010ae0                _printf_r
                0x10010b00                printf
 .text          0x10010b28       0x24 /usr/lib/gcc/arm-none-eabi/13.2.1/../../../arm-none-eabi/lib/thumb/v7e-m/nofp/libc.a(libc_a-sbrkr.o)
                0x10010b28                _sbrk_r
 .text          0x10010b4c       0x28 /usr/lib/gcc/arm-none-eabi/13.2.1/../../../arm-none-eabi/lib/thumb/v7e-m/nofp/libc.a(libc_a-fini.o)
                0x10010b4c                __libc_fini_array
 .text          0x10010b74       0x44 /usr/lib/gcc/arm-none-eabi/13.2.1/../../../arm-none-eabi/lib/thumb/v7e-m/nofp/libc.a(libc_a-fwalk.o)
                0x10010b74                _fwalk_sglue
 .text          0x10010bb8     0x14b4 /usr/lib/gcc/arm-none-eabi/13.2.1/../../../arm-none-eabi/lib/thumb/v7e-m/nofp/libc.a(libc_a-vfprintf.o)
                0x10010bb8                _vfprintf_r
                0x10011fe8                vfprintf
 *fill*         0x1001206c        0x4 
 .text          0x10012070       0xa0 /usr/lib/gcc/arm-none-eabi/13.2.1/../../../arm-none-eabi/lib/thumb/v7e-m/nofp/libc.a(libc_a-memchr.o)
                0x10012070                memchr
 .text          0x10012110     0x13c8 /usr/lib/gcc/arm-none-eabi/13.2.1/../../../arm-none-eabi/lib/thumb/v7e-m/nofp/libc.a(libc_a-svfprintf.o)
                0x10012110                _svfprintf_r
 .text          0x100134d8      0x100 /usr/lib/gcc/arm-none-eabi/13.2.1/../../../arm-none-eabi/lib/thumb/v7e-m/nofp/libc.a(libc_a-memmove.o)
                0x100134d8                memmove
 .text          0x100135d8      0x55c /usr/lib/gcc/arm-none-eabi/13.2.1/../../../arm-none-eabi/lib/thumb/v7e-m/nofp/libc.a(libc_a-mallocr.o)
                0x100135d8                _malloc_r
 *fill*         0x10013b34        0x4 
 .text          0x10013b38      0xfb0 /usr/lib/gcc/arm-none-eabi/13.2.1/../../../arm-none-eabi/lib/thumb/v7e-m/nofp/libc.a(libc_a-dtoa.o)
                0x10013c64                _dtoa_r
 .text          0x10014ae8       0xc4 /usr/lib/gcc/arm-none-eabi/13.2.1/../../../arm-none-eabi/lib/thumb/v7e-m/nofp/libc.a(libc_a-wsetup.o)
                0x10014ae8                __swsetup_r
 .text          0x10014bac       0x90 /usr/lib/gcc/arm-none-eabi/13.2.1/../../../arm-none-eabi/lib/thumb/v7e-m/nofp/libc.a(libc_a-fclose.o)
                0x10014bac                _fclose_r
                0x10014c2c                fclose
 .text.startup  0x10014c3c       0x14 /usr/lib/gcc/arm-none-eabi/13.2.1/../../../arm-none-eabi/lib/thumb/v7e-m/nofp/libc.a(libc_a-__call_atexit.o)
 .text          0x10014c50       0x94 /usr/lib/gcc/arm-none-eabi/13.2.1/../../../arm-none-eabi/lib/thumb/v7e-m/nofp/libc.a(libc_a-stdio.o)
                0x10014c50                __sread
                0x10014c74                __seofread
                0x10014c78                __swrite
                0x10014cb8                __sseek
                0x10014cdc                __sclose
 .text          0x10014ce4       0x64 /usr/lib/gcc/arm-none-eabi/13.2.1/../../../arm-none-eabi/lib/thumb/v7e-m/nofp/libc.a(libc_a-__atexit.o)
                0x10014ce4                __register_exitproc
 .text          0x10014d48      0x344 /usr/lib/gcc/arm-none-eabi/13.2.1/../../../arm-none-eabi/lib/thumb/v7e-m/nofp/libc.a(libc_a-reallocr.o)
                0x10014d48                _realloc_r
 .text          0x1001508c       0x2c /usr/lib/gcc/arm-none-eabi/13.2.1/../../../arm-none-eabi/lib/thumb/v7e-m/nofp/libc.a(libc_a-writer.o)
                0x1001508c                _write_r
 .text          0x100150b8       0x58 /usr/lib/gcc/arm-none-eabi/13.2.1/../../../arm-none-eabi/lib/thumb/v7e-m/nofp/libc.a(libc_a-ssprint_r.o)
                0x100150b8                __ssprint_r
 .text          0x10015110       0x24 /usr/lib/gcc/arm-none-eabi/13.2.1/../../../arm-none-eabi/lib/thumb/v7e-m/nofp/libc.a(libc_a-closer.o)
                0x10015110                _close_r
 .text          0x10015134       0x20 /usr/lib/gcc/arm-none-eabi/13.2.1/../../../arm-none-eabi/lib/thumb/v7e-m/nofp/libc.a(libc_a-sprint_r.o)
                0x10015134                __sprint_r
 .text          0x10015154       0x4c /usr/lib/gcc/arm-none-eabi/13.2.1/../../../arm-none-eabi/lib/thumb/v7e-m/nofp/libc.a(libc_a-assert.o)
                0x10015154                __assert_func
                0x10015194                __assert
 .text          0x100151a0      0xa8c /usr/lib/gcc/arm-none-eabi/13.2.1/../../../arm-none-eabi/lib/thumb/v7e-m/nofp/libc.a(libc_a-mprec.o)
                0x100151a0                _Balloc
                0x100151ec                _Bfree
                0x10015200                __multadd
                0x100152a0                __s2b
                0x10015354                __hi0bits
                0x10015398                __lo0bits
                0x100153f8                __i2b
                0x10015454                __multiply
                0x100155c0                __pow5mult
                0x10015674                __lshift
                0x10015764                __mcmp
                0x100157a4                __mdiff
                0x1001591c                __ulp
                0x10015968                __b2d
                0x10015a28                __d2b
                0x10015ae4                __ratio
                0x10015b40                _mprec_log10
                0x10015b78                __copybits
                0x10015bd4                __any_on
 .text          0x10015c2c       0x14 /usr/lib/gcc/arm-none-eabi/13.2.1/../../../arm-none-eabi/lib/thumb/v7e-m/nofp/libc.a(libc_a-localeconv.o)
                0x10015c2c                __localeconv_l
                0x10015c30                _localeconv_r
                0x10015c38                localeconv
 .text          0x10015c40      0x13c /usr/lib/gcc/arm-none-eabi/13.2.1/../../../arm-none-eabi/lib/thumb/v7e-m/nofp/libc.a(libc_a-makebuf.o)
                0x10015c40                __smakebuf_r
                0x10015d1c                __swhatbuf_r
 .text          0x10015d7c       0x40 /usr/lib/gcc/arm-none-eabi/13.2.1/../../../arm-none-eabi/lib/thumb/v7e-m/nofp/libc.a(libc_a-mbtowc_r.o)
                0x10015d7c                _mbtowc_r
                0x10015d90                __ascii_mbtowc
 .text          0x10015dbc       0x10 /usr/lib/gcc/arm-none-eabi/13.2.1/../../../arm-none-eabi/lib/thumb/v7e-m/nofp/libc.a(libc_a-abort.o)
                0x10015dbc                abort
 .text          0x10015dcc       0x6c /usr/lib/gcc/arm-none-eabi/13.2.1/../../../arm-none-eabi/lib/thumb/v7e-m/nofp/libc.a(libc_a-callocr.o)
                0x10015dcc                _calloc_r
 .text          0x10015e38       0xc0 /usr/lib/gcc/arm-none-eabi/13.2.1/../../../arm-none-eabi/lib/thumb/v7e-m/nofp/libc.a(libc_a-ssputs_r.o)
                0x10015e38                __ssputs_r
 .text          0x10015ef8       0x2c /usr/lib/gcc/arm-none-eabi/13.2.1/../../../arm-none-eabi/lib/thumb/v7e-m/nofp/libc.a(libc_a-readr.o)
                0x10015ef8                _read_r
 .text          0x10015f24       0x44 /usr/lib/gcc/arm-none-eabi/13.2.1/../../../arm-none-eabi/lib/thumb/v7e-m/nofp/libc.a(libc_a-fiprintf.o)
                0x10015f24                _fiprintf_r
                0x10015f40                fiprintf
 .text          0x10015f68       0x30 /usr/lib/gcc/arm-none-eabi/13.2.1/../../../arm-none-eabi/lib/thumb/v7e-m/nofp/libc.a(libc_a-wctomb_r.o)
                0x10015f68                _wctomb_r
                0x10015f7c                __ascii_wctomb
 .text          0x10015f98       0x2c /usr/lib/gcc/arm-none-eabi/13.2.1/../../../arm-none-eabi/lib/thumb/v7e-m/nofp/libc.a(libc_a-lseekr.o)
                0x10015f98                _lseek_r
 .text          0x10015fc4       0x2c /usr/lib/gcc/arm-none-eabi/13.2.1/../../../arm-none-eabi/lib/thumb/v7e-m/nofp/libc.a(libc_a-fstatr.o)
                0x10015fc4                _fstat_r
 .text          0x10015ff0       0x24 /usr/lib/gcc/arm-none-eabi/13.2.1/../../../arm-none-eabi/lib/thumb/v7e-m/nofp/libc.a(libc_a-isattyr.o)
                0x10015ff0                _isatty_r
 .text          0x10016014      0x280 /usr/lib/gcc/arm-none-eabi/13.2.1/../../../arm-none-eabi/lib/thumb/v7e-m/nofp/libc.a(libc_a-signal.o)
                0x10016014                _init_signal_r
                0x10016044                _signal_r
                0x10016094                _raise_r
                0x100160e8                __sigtramp_r
                0x1001614c                raise
                0x100161a4                signal
                0x100161f4                _init_signal
                0x1001622c                __sigtramp
 .text          0x10016294       0x30 /usr/lib/gcc/arm-none-eabi/13.2.1/../../../arm-none-eabi/lib/thumb/v7e-m/nofp/libc.a(libc_a-signalr.o)
                0x10016294                _kill_r
                0x100162c0                _getpid_r
 .text          0x100162c4      0xb40 /usr/lib/gcc/arm-none-eabi/13.2.1/../../../arm-none-eabi/lib/thumb/v7e-m/nofp/libc.a(libc_a-vfiprintf.o)
                0x100162c4                _vfiprintf_r
                0x10016d80                vfiprintf
 .text          0x10016e04        0x4 /usr/lib/gcc/arm-none-eabi/13.2.1/../../../arm-none-eabi/lib/thumb/v7e-m/nofp/libnosys.a(_exit.o)
                0x10016e04                _exit
 .text          0x10016e08      0x378 /usr/lib/gcc/arm-none-eabi/13.2.1/thumb/v7e-m/nofp/libgcc.a(_arm_addsubdf3.o)
                0x10016e08                __aeabi_drsub
                0x10016e10                __aeabi_dsub
                0x10016e10                __subdf3
                0x10016e14                __adddf3
                0x10016e14                __aeabi_dadd
                0x1001708c                __aeabi_ui2d
                0x1001708c                __floatunsidf
                0x100170ac                __floatsidf
                0x100170ac                __aeabi_i2d
                0x100170d0                __extendsfdf2
                0x100170d0                __aeabi_f2d
                0x10017114                __aeabi_ul2d
                0x10017114                __floatundidf
                0x10017124                __floatdidf
                0x10017124                __aeabi_l2d
 .text          0x10017180      0x424 /usr/lib/gcc/arm-none-eabi/13.2.1/thumb/v7e-m/nofp/libgcc.a(_arm_muldivdf3.o)
                0x10017180                __aeabi_dmul
                0x10017180                __muldf3
                0x100173d4                __aeabi_ddiv
                0x100173d4                __divdf3
 .text          0x100175a4      0x110 /usr/lib/gcc/arm-none-eabi/13.2.1/thumb/v7e-m/nofp/libgcc.a(_arm_cmpdf2.o)
                0x100175a4                __gtdf2
                0x100175a4                __gedf2
                0x100175ac                __ltdf2
                0x100175ac                __ledf2
                0x100175b4                __cmpdf2
                0x100175b4                __eqdf2
                0x100175b4                __nedf2
                0x10017630                __aeabi_cdrcmple
                0x10017640                __aeabi_cdcmple
                0x10017640                __aeabi_cdcmpeq
                0x10017650                __aeabi_dcmpeq
                0x10017664                __aeabi_dcmplt
                0x10017678                __aeabi_dcmple
                0x1001768c                __aeabi_dcmpge
                0x100176a0                __aeabi_dcmpgt
 .text          0x100176b4       0x2c /usr/lib/gcc/arm-none-eabi/13.2.1/thumb/v7e-m/nofp/libgcc.a(_arm_unorddf2.o)
                0x100176b4                __aeabi_dcmpun
                0x100176b4                __unorddf2
 .text          0x100176e0       0x50 /usr/lib/gcc/arm-none-eabi/13.2.1/thumb/v7e-m/nofp/libgcc.a(_arm_fixdfsi.o)
                0x100176e0                __fixdfsi
                0x100176e0                __aeabi_d2iz
 .text          0x10017730       0x30 /usr/lib/gcc/arm-none-eabi/13.2.1/thumb/v7e-m/nofp/libgcc.a(_aeabi_uldivmod.o)
                0x10017730                __aeabi_uldivmod
 .text          0x10017760      0x2bc /usr/lib/gcc/arm-none-eabi/13.2.1/thumb/v7e-m/nofp/libgcc.a(_udivmoddi4.o)
                0x10017760                __udivmoddi4
 .text          0x10017a1c        0x4 /usr/lib/gcc/arm-none-eabi/13.2.1/thumb/v7e-m/nofp/libgcc.a(_dvmd_tls.o)
                0x10017a1c                __aeabi_ldiv0
                0x10017a1c                __aeabi_idiv0
 *(.rodata*)
 .rodata.boot_flag.str1.4
                0x10017a20      0x2ce /decoder/build/decoder.o
                                 0x19 (size before relaxing)
 .rodata.update_subscription.str1.4
                0x10017cee       0x85 /decoder/build/decoder.o
 .rodata.decode.str1.4
                0x10017cee       0x56 /decoder/build/decoder.o
 .rodata.init.str1.4
                0x10017cee       0x1f /decoder/build/decoder.o
 .rodata.main.str1.4
                0x10017cee       0x55 /decoder/build/decoder.o
 *fill*         0x10017cee        0x2 
 .rodata.djFIehjkklIH
                0x10017cf0       0x70 /decoder/build/decoder.o
                0x10017cf0                djFIehjkklIH
 .rodata.aseiFuengleR
                0x10017d60       0x70 /decoder/build/decoder.o
                0x10017d60                aseiFuengleR
 .rodata.flash_simple_irq.str1.4
                0x10017dd0       0x27 /decoder/build/simple_flash.o
 .rodata.uart_init.str1.4
                0x10017dd0       0x1d /decoder/build/simple_uart.o
 .rodata.num_leds
                0x10017dd0        0x4 /decoder/build/board.o
                0x10017dd0                num_leds
 .rodata.led_pin
                0x10017dd4       0x24 /decoder/build/board.o
                0x10017dd4                led_pin
 .rodata.num_pbs
                0x10017df8        0x4 /decoder/build/board.o
                0x10017df8                num_pbs
 .rodata.pb_pin
                0x10017dfc       0x18 /decoder/build/board.o
                0x10017dfc                pb_pin
 .rodata.gpio_cfg_uart3
                0x10017e14        0xc /root/msdk-2024_02/Libraries/PeriphDrivers/bin/MAX78000/softfp/libPeriphDriver_softfp.a(pins_ai85.o)
                0x10017e14                gpio_cfg_uart3
 .rodata.gpio_cfg_uart2
                0x10017e20        0xc /root/msdk-2024_02/Libraries/PeriphDrivers/bin/MAX78000/softfp/libPeriphDriver_softfp.a(pins_ai85.o)
                0x10017e20                gpio_cfg_uart2
 .rodata.gpio_cfg_uart1
                0x10017e2c        0xc /root/msdk-2024_02/Libraries/PeriphDrivers/bin/MAX78000/softfp/libPeriphDriver_softfp.a(pins_ai85.o)
                0x10017e2c                gpio_cfg_uart1
 .rodata.gpio_cfg_uart0
                0x10017e38        0xc /root/msdk-2024_02/Libraries/PeriphDrivers/bin/MAX78000/softfp/libPeriphDriver_softfp.a(pins_ai85.o)
                0x10017e38                gpio_cfg_uart0
 .rodata.gpio_cfg_extclk
                0x10017e44        0xc /root/msdk-2024_02/Libraries/PeriphDrivers/bin/MAX78000/softfp/libPeriphDriver_softfp.a(pins_ai85.o)
                0x10017e44                gpio_cfg_extclk
 .rodata.CSWTCH.16
                0x10017e50       0x10 /root/msdk-2024_02/Libraries/PeriphDrivers/bin/MAX78000/softfp/libPeriphDriver_softfp.a(gpio_common.o)
 .rodata.str1.4
                0x10017e60        0x2 /usr/lib/gcc/arm-none-eabi/13.2.1/../../../arm-none-eabi/lib/thumb/v7e-m/nofp/libc.a(libc_a-puts.o)
 .rodata.str1.4
                0x10017e60       0x42 /usr/lib/gcc/arm-none-eabi/13.2.1/../../../arm-none-eabi/lib/thumb/v7e-m/nofp/libc.a(libc_a-vfprintf.o)
 .rodata        0x10017e60       0x20 /usr/lib/gcc/arm-none-eabi/13.2.1/../../../arm-none-eabi/lib/thumb/v7e-m/nofp/libc.a(libc_a-vfprintf.o)
 .rodata.str1.4
                0x10017e80       0x42 /usr/lib/gcc/arm-none-eabi/13.2.1/../../../arm-none-eabi/lib/thumb/v7e-m/nofp/libc.a(libc_a-svfprintf.o)
 .rodata        0x10017e80       0x20 /usr/lib/gcc/arm-none-eabi/13.2.1/../../../arm-none-eabi/lib/thumb/v7e-m/nofp/libc.a(libc_a-svfprintf.o)
 .rodata.str1.4
                0x10017ea0       0x54 /usr/lib/gcc/arm-none-eabi/13.2.1/../../../arm-none-eabi/lib/thumb/v7e-m/nofp/libc.a(libc_a-dtoa.o)
 .rodata.str1.4
                0x10017ea0       0x43 /usr/lib/gcc/arm-none-eabi/13.2.1/../../../arm-none-eabi/lib/thumb/v7e-m/nofp/libc.a(libc_a-assert.o)
 .rodata.str1.4
                0x10017ea0       0x41 /usr/lib/gcc/arm-none-eabi/13.2.1/../../../arm-none-eabi/lib/thumb/v7e-m/nofp/libc.a(libc_a-mprec.o)
 .rodata        0x10017ea0      0x128 /usr/lib/gcc/arm-none-eabi/13.2.1/../../../arm-none-eabi/lib/thumb/v7e-m/nofp/libc.a(libc_a-mprec.o)
                0x10017eb0                __mprec_tens
                0x10017f78                __mprec_tinytens
                0x10017fa0                __mprec_bigtens
 .rodata.str1.4
                0x10017fc8       0x12 /usr/lib/gcc/arm-none-eabi/13.2.1/../../../arm-none-eabi/lib/thumb/v7e-m/nofp/libc.a(libc_a-locale.o)
 .rodata        0x10017fc8      0x101 /usr/lib/gcc/arm-none-eabi/13.2.1/../../../arm-none-eabi/lib/thumb/v7e-m/nofp/libc.a(libc_a-ctype_.o)
                0x10017fc8                _ctype_
 .rodata.str1.4
                0x100180c9       0x2f /usr/lib/gcc/arm-none-eabi/13.2.1/../../../arm-none-eabi/lib/thumb/v7e-m/nofp/libc.a(libc_a-vfiprintf.o)
 *fill*         0x100180c9        0x3 
 .rodata        0x100180cc       0x20 /usr/lib/gcc/arm-none-eabi/13.2.1/../../../arm-none-eabi/lib/thumb/v7e-m/nofp/libc.a(libc_a-vfiprintf.o)
 *(.init)
 .init          0x100180ec        0x4 /usr/lib/gcc/arm-none-eabi/13.2.1/thumb/v7e-m/nofp/crti.o
                0x100180ec                _init
 .init          0x100180f0        0x8 /usr/lib/gcc/arm-none-eabi/13.2.1/thumb/v7e-m/nofp/crtn.o
 *(.fini)
 .fini          0x100180f8        0x4 /usr/lib/gcc/arm-none-eabi/13.2.1/thumb/v7e-m/nofp/crti.o
                0x100180f8                _fini
 .fini          0x100180fc        0x8 /usr/lib/gcc/arm-none-eabi/13.2.1/thumb/v7e-m/nofp/crtn.o
 *fill*         0x10018104        0x4 
 .fini.__stub   0x10018108       0x20 linker stubs
 *(.eh_frame*)
 .eh_frame      0x10018128        0x0 /usr/lib/gcc/arm-none-eabi/13.2.1/thumb/v7e-m/nofp/crtbegin.o
 .eh_frame      0x10018128       0x34 /usr/lib/gcc/arm-none-eabi/13.2.1/../../../arm-none-eabi/lib/thumb/v7e-m/nofp/libc.a(libc_a-strlen.o)
 .eh_frame      0x1001815c       0x2c /usr/lib/gcc/arm-none-eabi/13.2.1/../../../arm-none-eabi/lib/thumb/v7e-m/nofp/libc.a(libc_a-memcpy.o)
 .eh_frame      0x10018188       0x50 /usr/lib/gcc/arm-none-eabi/13.2.1/../../../arm-none-eabi/lib/thumb/v7e-m/nofp/libc.a(libc_a-memchr.o)
 .eh_frame      0x100181d8        0x4 /usr/lib/gcc/arm-none-eabi/13.2.1/thumb/v7e-m/nofp/crtend.o
                0x100181dc                        _etext = .

.glue_7         0x100181dc        0x0
 .glue_7        0x100181dc        0x0 linker stubs

.glue_7t        0x100181dc        0x0
 .glue_7t       0x100181dc        0x0 linker stubs

.vfp11_veneer   0x100181dc        0x0
 .vfp11_veneer  0x100181dc        0x0 linker stubs

.v4_bx          0x100181dc        0x0
 .v4_bx         0x100181dc        0x0 linker stubs

.iplt           0x100181dc        0x0
 .iplt          0x100181dc        0x0 /usr/lib/gcc/arm-none-eabi/13.2.1/thumb/v7e-m/nofp/crtbegin.o

.bin_storage    0x100181dc        0x0
 FILL mask 0xff
                0x100181dc                        _bin_start_ = .
 *(.bin_storage_img)
                0x100181dc                        _bin_end_ = .
                0x100181dc                        . = ALIGN (0x4)

.rom_code       0x00000000        0x0
                0x00000000                        . = ALIGN (0x10)
                0x20000000                        _sran_code = .
 *(.rom_code_section)
                0x20000000                        _esran_code = .

.flash_code     0x100181dc        0x4
                0x100181e0                        . = ALIGN (0x10)
 *fill*         0x100181dc        0x4 
                0x20000000                        _sran_code = .
 *(.flash_code_section)
                0x20000000                        _esran_code = .

.sram_code      0x20000000        0x0
                0x20000000                        . = ALIGN (0x10)
                0x20000000                        _sran_code = .
 *(.sram_code_section)
                0x20000000                        _esran_code = .

.ARM.exidx      0x100181e0        0x8
                0x100181e0                        __exidx_start = .
 *(.ARM.exidx*)
 .ARM.exidx     0x100181e0        0x8 /usr/lib/gcc/arm-none-eabi/13.2.1/../../../arm-none-eabi/lib/thumb/v7e-m/nofp/libc.a(libc_a-strlen.o)
 .ARM.exidx     0x100181e8        0x0 /usr/lib/gcc/arm-none-eabi/13.2.1/../../../arm-none-eabi/lib/thumb/v7e-m/nofp/libc.a(libc_a-memcpy.o)
                                  0x8 (size before relaxing)
 .ARM.exidx     0x100181e8        0x0 /usr/lib/gcc/arm-none-eabi/13.2.1/../../../arm-none-eabi/lib/thumb/v7e-m/nofp/libc.a(libc_a-memchr.o)
                                  0x8 (size before relaxing)
 .ARM.exidx     0x100181e8        0x0 /usr/lib/gcc/arm-none-eabi/13.2.1/thumb/v7e-m/nofp/libgcc.a(_udivmoddi4.o)
                                  0x8 (size before relaxing)
                0x100181e8                        __exidx_end = .

.rel.dyn        0x100181e8        0x0
 .rel.iplt      0x100181e8        0x0 /usr/lib/gcc/arm-none-eabi/13.2.1/thumb/v7e-m/nofp/crtbegin.o

.data           0x20000000      0xbc4 load address 0x100181e8
                0x20000000                        _data = ALIGN (., 0x4)
 *(.data*)
 .data.ConsoleUart
                0x20000000        0x4 /decoder/build/board.o
                0x20000000                ConsoleUart
 .data.overflows
                0x20000004        0x4 /root/msdk-2024_02/Libraries/PeriphDrivers/bin/MAX78000/softfp/libPeriphDriver_softfp.a(mxc_delay.o)
 .data.flc_int  0x20000008        0x4 /root/msdk-2024_02/Libraries/PeriphDrivers/bin/MAX78000/softfp/libPeriphDriver_softfp.a(flc_reva.o)
 *fill*         0x2000000c        0x4 
 .data          0x20000010      0x128 /usr/lib/gcc/arm-none-eabi/13.2.1/../../../arm-none-eabi/lib/thumb/v7e-m/nofp/libc.a(libc_a-impure.o)
                0x20000010                _impure_ptr
                0x20000018                _impure_data
 .data          0x20000138        0xc /usr/lib/gcc/arm-none-eabi/13.2.1/../../../arm-none-eabi/lib/thumb/v7e-m/nofp/libc.a(libc_a-findfp.o)
                0x20000138                __sglue
 *fill*         0x20000144        0x4 
 .data          0x20000148      0x410 /usr/lib/gcc/arm-none-eabi/13.2.1/../../../arm-none-eabi/lib/thumb/v7e-m/nofp/libc.a(libc_a-mallocr.o)
                0x20000148                __malloc_av_
                0x20000550                __malloc_sbrk_base
                0x20000554                __malloc_trim_threshold
 .data          0x20000558      0x16c /usr/lib/gcc/arm-none-eabi/13.2.1/../../../arm-none-eabi/lib/thumb/v7e-m/nofp/libc.a(libc_a-locale.o)
                0x20000558                __global_locale
 *(.flashprog*)
 .flashprog     0x200006c4       0xcc /root/msdk-2024_02/Libraries/PeriphDrivers/bin/MAX78000/softfp/libPeriphDriver_softfp.a(flc_me17.o)
                0x200006c4                MXC_FLC_Busy
                0x200006c8                MXC_FLC_PageErase
                0x20000728                MXC_FLC_Write128
 .flashprog     0x20000790      0x310 /root/msdk-2024_02/Libraries/PeriphDrivers/bin/MAX78000/softfp/libPeriphDriver_softfp.a(flc_reva.o)
                0x20000790                MXC_FLC_RevA_Busy
                0x200007a0                MXC_FLC_RevA_MassErase
                0x2000081c                MXC_FLC_RevA_PageErase
                0x20000898                MXC_FLC_RevA_Write32
                0x20000938                MXC_FLC_RevA_Write32Using128
                0x20000a04                MXC_FLC_RevA_Write128
 .flashprog     0x20000aa0      0x108 /root/msdk-2024_02/Libraries/PeriphDrivers/bin/MAX78000/softfp/libPeriphDriver_softfp.a(flc_common.o)
                0x20000aa0                MXC_FLC_Com_VerifyData
                0x20000ac8                MXC_FLC_Com_Write
                0x20000b9c                MXC_FLC_Com_Read
 .flashprog.__stub
                0x20000ba8       0x10 linker stubs
                0x20000bb8                        . = ALIGN (0x4)
                0x20000bb8                        PROVIDE (__preinit_array_start = .)
 *(.preinit_array)
                0x20000bb8                        PROVIDE (__preinit_array_end = .)
                0x20000bb8                        . = ALIGN (0x4)
                0x20000bb8                        PROVIDE (__init_array_start = .)
 *(SORT_BY_NAME(.init_array.*))
 .init_array.00000
                0x20000bb8        0x4 /usr/lib/gcc/arm-none-eabi/13.2.1/../../../arm-none-eabi/lib/thumb/v7e-m/nofp/libc.a(libc_a-__call_atexit.o)
 *(.init_array)
 .init_array    0x20000bbc        0x4 /usr/lib/gcc/arm-none-eabi/13.2.1/thumb/v7e-m/nofp/crtbegin.o
                0x20000bc0                        PROVIDE (__init_array_end = .)
                0x20000bc0                        . = ALIGN (0x4)
                0x20000bc0                        PROVIDE (__fini_array_start = .)
 *(SORT_BY_NAME(.fini_array.*))
 *(.fini_array)
 .fini_array    0x20000bc0        0x4 /usr/lib/gcc/arm-none-eabi/13.2.1/thumb/v7e-m/nofp/crtbegin.o
                0x20000bc4                        PROVIDE (__fini_array_end = .)
                0x20000bc4                        _edata = ALIGN (., 0x4)
                0x100181e8                        __load_data = LOADADDR (.data)

.tm_clone_table
                0x20000bc4        0x0 load address 0x10018dac
 .tm_clone_table
                0x20000bc4        0x0 /usr/lib/gcc/arm-none-eabi/13.2.1/thumb/v7e-m/nofp/crtbegin.o
 .tm_clone_table
                0x20000bc4        0x0 /usr/lib/gcc/arm-none-eabi/13.2.1/thumb/v7e-m/nofp/crtend.o

.igot.plt       0x20000bc4        0x0 load address 0x10018dac
 .igot.plt      0x20000bc4        0x0 /usr/lib/gcc/arm-none-eabi/13.2.1/thumb/v7e-m/nofp/crtbegin.o

.bss            0x20000c00      0xb3c load address 0x10018dac
                0x20000c00                        . = ALIGN (0x4)
                0x20000c00                        _bss = .
 *(.bss*)
 .bss           0x20000c00       0x1c /usr/lib/gcc/arm-none-eabi/13.2.1/thumb/v7e-m/nofp/crtbegin.o
 *fill*         0x20000c1c        0x4 
 .bss.decoder_status
                0x20000c20       0xc8 /decoder/build/decoder.o
                0x20000c20                decoder_status
 .bss.heap_end  0x20000ce8        0x4 /decoder/build/heap.o
 .bss.cbFunc    0x20000cec        0x4 /root/msdk-2024_02/Libraries/PeriphDrivers/bin/MAX78000/softfp/libPeriphDriver_softfp.a(mxc_delay.o)
 .bss.ctrl_save
                0x20000cf0        0x4 /root/msdk-2024_02/Libraries/PeriphDrivers/bin/MAX78000/softfp/libPeriphDriver_softfp.a(mxc_delay.o)
 .bss.endtick   0x20000cf4        0x4 /root/msdk-2024_02/Libraries/PeriphDrivers/bin/MAX78000/softfp/libPeriphDriver_softfp.a(mxc_delay.o)
 *fill*         0x20000cf8      0x108 
 .bss.ramVectorTable
                0x20000e00      0x1e0 /root/msdk-2024_02/Libraries/PeriphDrivers/bin/MAX78000/softfp/libPeriphDriver_softfp.a(nvic_table.o)
 .bss.states    0x20000fe0       0x50 /root/msdk-2024_02/Libraries/PeriphDrivers/bin/MAX78000/softfp/libPeriphDriver_softfp.a(uart_revb.o)
                0x20000fe0                states
 .bss.initialized
                0x20001030        0x1 /root/msdk-2024_02/Libraries/PeriphDrivers/bin/MAX78000/softfp/libPeriphDriver_softfp.a(gpio_common.o)
 *fill*         0x20001031        0x3 
 .bss.cbparam   0x20001034      0x200 /root/msdk-2024_02/Libraries/PeriphDrivers/bin/MAX78000/softfp/libPeriphDriver_softfp.a(gpio_common.o)
 .bss.callback  0x20001234      0x200 /root/msdk-2024_02/Libraries/PeriphDrivers/bin/MAX78000/softfp/libPeriphDriver_softfp.a(gpio_common.o)
 .bss           0x20001434      0x13c /usr/lib/gcc/arm-none-eabi/13.2.1/../../../arm-none-eabi/lib/thumb/v7e-m/nofp/libc.a(libc_a-findfp.o)
                0x20001434                __sf
                0x2000156c                __stdio_exit_handler
 .bss           0x20001570       0x34 /usr/lib/gcc/arm-none-eabi/13.2.1/../../../arm-none-eabi/lib/thumb/v7e-m/nofp/libc.a(libc_a-mallocr.o)
                0x20001570                __malloc_top_pad
                0x20001574                __malloc_current_mallinfo
                0x2000159c                __malloc_max_sbrked_mem
                0x200015a0                __malloc_max_total_mem
 .bss           0x200015a4        0x4 /usr/lib/gcc/arm-none-eabi/13.2.1/../../../arm-none-eabi/lib/thumb/v7e-m/nofp/libc.a(libc_a-__call_atexit.o)
                0x200015a4                __atexit
 .bss           0x200015a8        0x4 /usr/lib/gcc/arm-none-eabi/13.2.1/../../../arm-none-eabi/lib/thumb/v7e-m/nofp/libc.a(libc_a-reent.o)
                0x200015a8                errno
 .bss           0x200015ac      0x190 /usr/lib/gcc/arm-none-eabi/13.2.1/../../../arm-none-eabi/lib/thumb/v7e-m/nofp/libc.a(libc_a-__atexit.o)
                0x200015ac                __atexit0
 *(COMMON)
                0x2000173c                        _ebss = ALIGN (., 0x4)

.shared         0x2000173c        0x4 load address 0x10018dac
                0x2000173c                        . = ALIGN (0x4)
                0x2000173c                        _shared = .
 *(.mailbox*)
                0x2000173c                        . = ALIGN (0x4)
 *(.shared*)
 .shared        0x2000173c        0x4 /decoder/build/system_max78000.o
                0x2000173c                SystemCoreClock
                0x20001740                        _eshared = ALIGN (., 0x4)
                0x10018dac                        __shared_data = LOADADDR (.shared)
                0x20020000                        __StackTop = (ORIGIN (SRAM) + LENGTH (SRAM))
                0x2001f000                        __StackLimit = (__StackTop - SIZEOF (.stack_dummy))

.stack_dummy    0x20001740     0x1000 load address 0x10018db0
 *(.stack*)
 .stack         0x20001740     0x1000 /decoder/build/startup_firmware.o

.heap           0x20001740      0xc00 load address 0x10018db0
                0x20001740                        . = ALIGN (0x4)
 *(.heap*)
 .heap          0x20001740      0xc00 /decoder/build/startup_firmware.o
                0x20001740                __HeapBase
                0x2001f000                        __HeapLimit = ABSOLUTE (__StackLimit)
                0x20020000                        PROVIDE (__stack = __StackTop)
                0x00000001                        ASSERT ((__StackLimit >= _ebss), region RAM overflowed with stack)
OUTPUT(/decoder/build/max78000.elf elf32-littlearm)
LOAD linker stubs

.ARM.attributes
                0x00000000       0x2a
 .ARM.attributes
                0x00000000       0x1e /usr/lib/gcc/arm-none-eabi/13.2.1/thumb/v7e-m/nofp/crti.o
 .ARM.attributes
                0x0000001e       0x2e /usr/lib/gcc/arm-none-eabi/13.2.1/thumb/v7e-m/nofp/crtbegin.o
 .ARM.attributes
                0x0000004c       0x2e /decoder/build/decoder.o
 .ARM.attributes
                0x0000007a       0x2e /decoder/build/host_messaging.o
 .ARM.attributes
                0x000000a8       0x2e /decoder/build/simple_flash.o
 .ARM.attributes
                0x000000d6       0x2e /decoder/build/simple_uart.o
 .ARM.attributes
                0x00000104       0x2e /decoder/build/board.o
 .ARM.attributes
                0x00000132       0x2e /decoder/build/stdio.o
 .ARM.attributes
                0x00000160       0x2e /decoder/build/led.o
 .ARM.attributes
                0x0000018e       0x2e /decoder/build/pb.o
 .ARM.attributes
                0x000001bc       0x1b /decoder/build/startup_firmware.o
 .ARM.attributes
                0x000001d7       0x2e /decoder/build/heap.o
 .ARM.attributes
                0x00000205       0x2e /decoder/build/system_max78000.o
 .ARM.attributes
                0x00000233       0x2e /root/msdk-2024_02/Libraries/PeriphDrivers/bin/MAX78000/softfp/libPeriphDriver_softfp.a(mxc_delay.o)
 .ARM.attributes
                0x00000261       0x2e /root/msdk-2024_02/Libraries/PeriphDrivers/bin/MAX78000/softfp/libPeriphDriver_softfp.a(nvic_table.o)
 .ARM.attributes
                0x0000028f       0x2e /root/msdk-2024_02/Libraries/PeriphDrivers/bin/MAX78000/softfp/libPeriphDriver_softfp.a(pins_ai85.o)
 .ARM.attributes
                0x000002bd       0x2e /root/msdk-2024_02/Libraries/PeriphDrivers/bin/MAX78000/softfp/libPeriphDriver_softfp.a(sys_ai85.o)
 .ARM.attributes
                0x000002eb       0x2e /root/msdk-2024_02/Libraries/PeriphDrivers/bin/MAX78000/softfp/libPeriphDriver_softfp.a(flc_me17.o)
 .ARM.attributes
                0x00000319       0x2e /root/msdk-2024_02/Libraries/PeriphDrivers/bin/MAX78000/softfp/libPeriphDriver_softfp.a(flc_reva.o)
 .ARM.attributes
                0x00000347       0x2e /root/msdk-2024_02/Libraries/PeriphDrivers/bin/MAX78000/softfp/libPeriphDriver_softfp.a(gpio_ai85.o)
 .ARM.attributes
                0x00000375       0x2e /root/msdk-2024_02/Libraries/PeriphDrivers/bin/MAX78000/softfp/libPeriphDriver_softfp.a(gpio_reva.o)
 .ARM.attributes
                0x000003a3       0x2e /root/msdk-2024_02/Libraries/PeriphDrivers/bin/MAX78000/softfp/libPeriphDriver_softfp.a(icc_me17.o)
 .ARM.attributes
                0x000003d1       0x2e /root/msdk-2024_02/Libraries/PeriphDrivers/bin/MAX78000/softfp/libPeriphDriver_softfp.a(icc_reva.o)
 .ARM.attributes
                0x000003ff       0x2e /root/msdk-2024_02/Libraries/PeriphDrivers/bin/MAX78000/softfp/libPeriphDriver_softfp.a(uart_ai85.o)
 .ARM.attributes
                0x0000042d       0x2e /root/msdk-2024_02/Libraries/PeriphDrivers/bin/MAX78000/softfp/libPeriphDriver_softfp.a(uart_common.o)
 .ARM.attributes
                0x0000045b       0x2e /root/msdk-2024_02/Libraries/PeriphDrivers/bin/MAX78000/softfp/libPeriphDriver_softfp.a(uart_revb.o)
 .ARM.attributes
                0x00000489       0x2e /root/msdk-2024_02/Libraries/PeriphDrivers/bin/MAX78000/softfp/libPeriphDriver_softfp.a(flc_common.o)
 .ARM.attributes
                0x000004b7       0x2e /root/msdk-2024_02/Libraries/PeriphDrivers/bin/MAX78000/softfp/libPeriphDriver_softfp.a(gpio_common.o)
 .ARM.attributes
                0x000004e5       0x1c /usr/lib/gcc/arm-none-eabi/13.2.1/../../../arm-none-eabi/lib/thumb/v7e-m/nofp/libc.a(libc_a-strlen.o)
 .ARM.attributes
                0x00000501       0x2e /usr/lib/gcc/arm-none-eabi/13.2.1/../../../arm-none-eabi/lib/thumb/v7e-m/nofp/libc.a(libc_a-memset.o)
 .ARM.attributes
                0x0000052f       0x2e /usr/lib/gcc/arm-none-eabi/13.2.1/../../../arm-none-eabi/lib/thumb/v7e-m/nofp/libc.a(libc_a-fflush.o)
 .ARM.attributes
                0x0000055d       0x2e /usr/lib/gcc/arm-none-eabi/13.2.1/../../../arm-none-eabi/lib/thumb/v7e-m/nofp/libc.a(libc_a-errno.o)
 .ARM.attributes
                0x0000058b       0x2e /usr/lib/gcc/arm-none-eabi/13.2.1/../../../arm-none-eabi/lib/thumb/v7e-m/nofp/libc.a(libc_a-impure.o)
 .ARM.attributes
                0x000005b9       0x2e /usr/lib/gcc/arm-none-eabi/13.2.1/../../../arm-none-eabi/lib/thumb/v7e-m/nofp/libc.a(libc_a-freer.o)
 .ARM.attributes
                0x000005e7       0x1c /usr/lib/gcc/arm-none-eabi/13.2.1/../../../arm-none-eabi/lib/thumb/v7e-m/nofp/libc.a(libc_a-memcpy.o)
 .ARM.attributes
                0x00000603       0x2e /usr/lib/gcc/arm-none-eabi/13.2.1/../../../arm-none-eabi/lib/thumb/v7e-m/nofp/libc.a(libc_a-sysconf.o)
 .ARM.attributes
                0x00000631       0x2e /usr/lib/gcc/arm-none-eabi/13.2.1/../../../arm-none-eabi/lib/thumb/v7e-m/nofp/libc.a(libc_a-init.o)
 .ARM.attributes
                0x0000065f       0x2e /usr/lib/gcc/arm-none-eabi/13.2.1/../../../arm-none-eabi/lib/thumb/v7e-m/nofp/libc.a(libc_a-mlock.o)
 .ARM.attributes
                0x0000068d       0x2e /usr/lib/gcc/arm-none-eabi/13.2.1/../../../arm-none-eabi/lib/thumb/v7e-m/nofp/libc.a(libc_a-findfp.o)
 .ARM.attributes
                0x000006bb       0x2e /usr/lib/gcc/arm-none-eabi/13.2.1/../../../arm-none-eabi/lib/thumb/v7e-m/nofp/libc.a(libc_a-puts.o)
 .ARM.attributes
                0x000006e9       0x2e /usr/lib/gcc/arm-none-eabi/13.2.1/../../../arm-none-eabi/lib/thumb/v7e-m/nofp/libc.a(libc_a-fvwrite.o)
 .ARM.attributes
                0x00000717       0x2e /usr/lib/gcc/arm-none-eabi/13.2.1/../../../arm-none-eabi/lib/thumb/v7e-m/nofp/libc.a(libc_a-atexit.o)
 .ARM.attributes
                0x00000745       0x2e /usr/lib/gcc/arm-none-eabi/13.2.1/../../../arm-none-eabi/lib/thumb/v7e-m/nofp/libc.a(libc_a-sprintf.o)
 .ARM.attributes
                0x00000773       0x2e /usr/lib/gcc/arm-none-eabi/13.2.1/../../../arm-none-eabi/lib/thumb/v7e-m/nofp/libc.a(libc_a-printf.o)
 .ARM.attributes
                0x000007a1       0x2e /usr/lib/gcc/arm-none-eabi/13.2.1/../../../arm-none-eabi/lib/thumb/v7e-m/nofp/libc.a(libc_a-sbrkr.o)
 .ARM.attributes
                0x000007cf       0x2e /usr/lib/gcc/arm-none-eabi/13.2.1/../../../arm-none-eabi/lib/thumb/v7e-m/nofp/libc.a(libc_a-fini.o)
 .ARM.attributes
                0x000007fd       0x2e /usr/lib/gcc/arm-none-eabi/13.2.1/../../../arm-none-eabi/lib/thumb/v7e-m/nofp/libc.a(libc_a-fwalk.o)
 .ARM.attributes
                0x0000082b       0x2e /usr/lib/gcc/arm-none-eabi/13.2.1/../../../arm-none-eabi/lib/thumb/v7e-m/nofp/libc.a(libc_a-vfprintf.o)
 .ARM.attributes
                0x00000859       0x1c /usr/lib/gcc/arm-none-eabi/13.2.1/../../../arm-none-eabi/lib/thumb/v7e-m/nofp/libc.a(libc_a-memchr.o)
 .ARM.attributes
                0x00000875       0x2e /usr/lib/gcc/arm-none-eabi/13.2.1/../../../arm-none-eabi/lib/thumb/v7e-m/nofp/libc.a(libc_a-svfprintf.o)
 .ARM.attributes
                0x000008a3       0x2e /usr/lib/gcc/arm-none-eabi/13.2.1/../../../arm-none-eabi/lib/thumb/v7e-m/nofp/libc.a(libc_a-memmove.o)
 .ARM.attributes
                0x000008d1       0x2e /usr/lib/gcc/arm-none-eabi/13.2.1/../../../arm-none-eabi/lib/thumb/v7e-m/nofp/libc.a(libc_a-mallocr.o)
 .ARM.attributes
                0x000008ff       0x2e /usr/lib/gcc/arm-none-eabi/13.2.1/../../../arm-none-eabi/lib/thumb/v7e-m/nofp/libc.a(libc_a-dtoa.o)
 .ARM.attributes
                0x0000092d       0x2e /usr/lib/gcc/arm-none-eabi/13.2.1/../../../arm-none-eabi/lib/thumb/v7e-m/nofp/libc.a(libc_a-wsetup.o)
 .ARM.attributes
                0x0000095b       0x2e /usr/lib/gcc/arm-none-eabi/13.2.1/../../../arm-none-eabi/lib/thumb/v7e-m/nofp/libc.a(libc_a-fclose.o)
 .ARM.attributes
                0x00000989       0x2e /usr/lib/gcc/arm-none-eabi/13.2.1/../../../arm-none-eabi/lib/thumb/v7e-m/nofp/libc.a(libc_a-__call_atexit.o)
 .ARM.attributes
                0x000009b7       0x2e /usr/lib/gcc/arm-none-eabi/13.2.1/../../../arm-none-eabi/lib/thumb/v7e-m/nofp/libc.a(libc_a-stdio.o)
 .ARM.attributes
                0x000009e5       0x2e /usr/lib/gcc/arm-none-eabi/13.2.1/../../../arm-none-eabi/lib/thumb/v7e-m/nofp/libc.a(libc_a-reent.o)
 .ARM.attributes
                0x00000a13       0x2e /usr/lib/gcc/arm-none-eabi/13.2.1/../../../arm-none-eabi/lib/thumb/v7e-m/nofp/libc.a(libc_a-__atexit.o)
 .ARM.attributes
                0x00000a41       0x2e /usr/lib/gcc/arm-none-eabi/13.2.1/../../../arm-none-eabi/lib/thumb/v7e-m/nofp/libc.a(libc_a-reallocr.o)
 .ARM.attributes
                0x00000a6f       0x2e /usr/lib/gcc/arm-none-eabi/13.2.1/../../../arm-none-eabi/lib/thumb/v7e-m/nofp/libc.a(libc_a-writer.o)
 .ARM.attributes
                0x00000a9d       0x2e /usr/lib/gcc/arm-none-eabi/13.2.1/../../../arm-none-eabi/lib/thumb/v7e-m/nofp/libc.a(libc_a-ssprint_r.o)
 .ARM.attributes
                0x00000acb       0x2e /usr/lib/gcc/arm-none-eabi/13.2.1/../../../arm-none-eabi/lib/thumb/v7e-m/nofp/libc.a(libc_a-closer.o)
 .ARM.attributes
                0x00000af9       0x2e /usr/lib/gcc/arm-none-eabi/13.2.1/../../../arm-none-eabi/lib/thumb/v7e-m/nofp/libc.a(libc_a-sprint_r.o)
 .ARM.attributes
                0x00000b27       0x2e /usr/lib/gcc/arm-none-eabi/13.2.1/../../../arm-none-eabi/lib/thumb/v7e-m/nofp/libc.a(libc_a-assert.o)
 .ARM.attributes
                0x00000b55       0x2e /usr/lib/gcc/arm-none-eabi/13.2.1/../../../arm-none-eabi/lib/thumb/v7e-m/nofp/libc.a(libc_a-mprec.o)
 .ARM.attributes
                0x00000b83       0x2e /usr/lib/gcc/arm-none-eabi/13.2.1/../../../arm-none-eabi/lib/thumb/v7e-m/nofp/libc.a(libc_a-localeconv.o)
 .ARM.attributes
                0x00000bb1       0x2e /usr/lib/gcc/arm-none-eabi/13.2.1/../../../arm-none-eabi/lib/thumb/v7e-m/nofp/libc.a(libc_a-makebuf.o)
 .ARM.attributes
                0x00000bdf       0x2e /usr/lib/gcc/arm-none-eabi/13.2.1/../../../arm-none-eabi/lib/thumb/v7e-m/nofp/libc.a(libc_a-locale.o)
 .ARM.attributes
                0x00000c0d       0x2e /usr/lib/gcc/arm-none-eabi/13.2.1/../../../arm-none-eabi/lib/thumb/v7e-m/nofp/libc.a(libc_a-mbtowc_r.o)
 .ARM.attributes
                0x00000c3b       0x2e /usr/lib/gcc/arm-none-eabi/13.2.1/../../../arm-none-eabi/lib/thumb/v7e-m/nofp/libc.a(libc_a-abort.o)
 .ARM.attributes
                0x00000c69       0x2e /usr/lib/gcc/arm-none-eabi/13.2.1/../../../arm-none-eabi/lib/thumb/v7e-m/nofp/libc.a(libc_a-callocr.o)
 .ARM.attributes
                0x00000c97       0x2e /usr/lib/gcc/arm-none-eabi/13.2.1/../../../arm-none-eabi/lib/thumb/v7e-m/nofp/libc.a(libc_a-ssputs_r.o)
 .ARM.attributes
                0x00000cc5       0x2e /usr/lib/gcc/arm-none-eabi/13.2.1/../../../arm-none-eabi/lib/thumb/v7e-m/nofp/libc.a(libc_a-readr.o)
 .ARM.attributes
                0x00000cf3       0x2e /usr/lib/gcc/arm-none-eabi/13.2.1/../../../arm-none-eabi/lib/thumb/v7e-m/nofp/libc.a(libc_a-fiprintf.o)
 .ARM.attributes
                0x00000d21       0x2e /usr/lib/gcc/arm-none-eabi/13.2.1/../../../arm-none-eabi/lib/thumb/v7e-m/nofp/libc.a(libc_a-wctomb_r.o)
 .ARM.attributes
                0x00000d4f       0x2e /usr/lib/gcc/arm-none-eabi/13.2.1/../../../arm-none-eabi/lib/thumb/v7e-m/nofp/libc.a(libc_a-lseekr.o)
 .ARM.attributes
                0x00000d7d       0x2e /usr/lib/gcc/arm-none-eabi/13.2.1/../../../arm-none-eabi/lib/thumb/v7e-m/nofp/libc.a(libc_a-fstatr.o)
 .ARM.attributes
                0x00000dab       0x2e /usr/lib/gcc/arm-none-eabi/13.2.1/../../../arm-none-eabi/lib/thumb/v7e-m/nofp/libc.a(libc_a-isattyr.o)
 .ARM.attributes
                0x00000dd9       0x2e /usr/lib/gcc/arm-none-eabi/13.2.1/../../../arm-none-eabi/lib/thumb/v7e-m/nofp/libc.a(libc_a-ctype_.o)
 .ARM.attributes
                0x00000e07       0x2e /usr/lib/gcc/arm-none-eabi/13.2.1/../../../arm-none-eabi/lib/thumb/v7e-m/nofp/libc.a(libc_a-signal.o)
 .ARM.attributes
                0x00000e35       0x2e /usr/lib/gcc/arm-none-eabi/13.2.1/../../../arm-none-eabi/lib/thumb/v7e-m/nofp/libc.a(libc_a-signalr.o)
 .ARM.attributes
                0x00000e63       0x2e /usr/lib/gcc/arm-none-eabi/13.2.1/../../../arm-none-eabi/lib/thumb/v7e-m/nofp/libc.a(libc_a-vfiprintf.o)
 .ARM.attributes
                0x00000e91       0x2e /usr/lib/gcc/arm-none-eabi/13.2.1/../../../arm-none-eabi/lib/thumb/v7e-m/nofp/libnosys.a(_exit.o)
 .ARM.attributes
                0x00000ebf       0x1e /usr/lib/gcc/arm-none-eabi/13.2.1/thumb/v7e-m/nofp/libgcc.a(_arm_addsubdf3.o)
 .ARM.attributes
                0x00000edd       0x1e /usr/lib/gcc/arm-none-eabi/13.2.1/thumb/v7e-m/nofp/libgcc.a(_arm_muldivdf3.o)
 .ARM.attributes
                0x00000efb       0x1e /usr/lib/gcc/arm-none-eabi/13.2.1/thumb/v7e-m/nofp/libgcc.a(_arm_cmpdf2.o)
 .ARM.attributes
                0x00000f19       0x1e /usr/lib/gcc/arm-none-eabi/13.2.1/thumb/v7e-m/nofp/libgcc.a(_arm_unorddf2.o)
 .ARM.attributes
                0x00000f37       0x1e /usr/lib/gcc/arm-none-eabi/13.2.1/thumb/v7e-m/nofp/libgcc.a(_arm_fixdfsi.o)
 .ARM.attributes
                0x00000f55       0x1e /usr/lib/gcc/arm-none-eabi/13.2.1/thumb/v7e-m/nofp/libgcc.a(_aeabi_uldivmod.o)
 .ARM.attributes
                0x00000f73       0x2e /usr/lib/gcc/arm-none-eabi/13.2.1/thumb/v7e-m/nofp/libgcc.a(_udivmoddi4.o)
 .ARM.attributes
                0x00000fa1       0x1e /usr/lib/gcc/arm-none-eabi/13.2.1/thumb/v7e-m/nofp/libgcc.a(_dvmd_tls.o)
 .ARM.attributes
                0x00000fbf       0x2e /usr/lib/gcc/arm-none-eabi/13.2.1/thumb/v7e-m/nofp/crtend.o
 .ARM.attributes
                0x00000fed       0x1e /usr/lib/gcc/arm-none-eabi/13.2.1/thumb/v7e-m/nofp/crtn.o

.comment        0x00000000       0x26
 .comment       0x00000000       0x26 /usr/lib/gcc/arm-none-eabi/13.2.1/thumb/v7e-m/nofp/crtbegin.o
                                 0x27 (size before relaxing)
 .comment       0x00000026       0x27 /decoder/build/decoder.o
 .comment       0x00000026       0x27 /decoder/build/host_messaging.o
 .comment       0x00000026       0x27 /decoder/build/simple_flash.o
 .comment       0x00000026       0x27 /decoder/build/simple_uart.o
 .comment       0x00000026       0x27 /decoder/build/board.o
 .comment       0x00000026       0x27 /decoder/build/stdio.o
 .comment       0x00000026       0x27 /decoder/build/led.o
 .comment       0x00000026       0x27 /decoder/build/pb.o
 .comment       0x00000026       0x27 /decoder/build/heap.o
 .comment       0x00000026       0x27 /decoder/build/system_max78000.o
 .comment       0x00000026       0x27 /root/msdk-2024_02/Libraries/PeriphDrivers/bin/MAX78000/softfp/libPeriphDriver_softfp.a(mxc_delay.o)
 .comment       0x00000026       0x27 /root/msdk-2024_02/Libraries/PeriphDrivers/bin/MAX78000/softfp/libPeriphDriver_softfp.a(nvic_table.o)
 .comment       0x00000026       0x27 /root/msdk-2024_02/Libraries/PeriphDrivers/bin/MAX78000/softfp/libPeriphDriver_softfp.a(pins_ai85.o)
 .comment       0x00000026       0x27 /root/msdk-2024_02/Libraries/PeriphDrivers/bin/MAX78000/softfp/libPeriphDriver_softfp.a(sys_ai85.o)
 .comment       0x00000026       0x27 /root/msdk-2024_02/Libraries/PeriphDrivers/bin/MAX78000/softfp/libPeriphDriver_softfp.a(flc_me17.o)
 .comment       0x00000026       0x27 /root/msdk-2024_02/Libraries/PeriphDrivers/bin/MAX78000/softfp/libPeriphDriver_softfp.a(flc_reva.o)
 .comment       0x00000026       0x27 /root/msdk-2024_02/Libraries/PeriphDrivers/bin/MAX78000/softfp/libPeriphDriver_softfp.a(gpio_ai85.o)
 .comment       0x00000026       0x27 /root/msdk-2024_02/Libraries/PeriphDrivers/bin/MAX78000/softfp/libPeriphDriver_softfp.a(gpio_reva.o)
 .comment       0x00000026       0x27 /root/msdk-2024_02/Libraries/PeriphDrivers/bin/MAX78000/softfp/libPeriphDriver_softfp.a(icc_me17.o)
 .comment       0x00000026       0x27 /root/msdk-2024_02/Libraries/PeriphDrivers/bin/MAX78000/softfp/libPeriphDriver_softfp.a(icc_reva.o)
 .comment       0x00000026       0x27 /root/msdk-2024_02/Libraries/PeriphDrivers/bin/MAX78000/softfp/libPeriphDriver_softfp.a(uart_ai85.o)
 .comment       0x00000026       0x27 /root/msdk-2024_02/Libraries/PeriphDrivers/bin/MAX78000/softfp/libPeriphDriver_softfp.a(uart_common.o)
 .comment       0x00000026       0x27 /root/msdk-2024_02/Libraries/PeriphDrivers/bin/MAX78000/softfp/libPeriphDriver_softfp.a(uart_revb.o)
 .comment       0x00000026       0x27 /root/msdk-2024_02/Libraries/PeriphDrivers/bin/MAX78000/softfp/libPeriphDriver_softfp.a(flc_common.o)
 .comment       0x00000026       0x27 /root/msdk-2024_02/Libraries/PeriphDrivers/bin/MAX78000/softfp/libPeriphDriver_softfp.a(gpio_common.o)
 .comment       0x00000026       0x27 /usr/lib/gcc/arm-none-eabi/13.2.1/../../../arm-none-eabi/lib/thumb/v7e-m/nofp/libc.a(libc_a-memset.o)
 .comment       0x00000026       0x27 /usr/lib/gcc/arm-none-eabi/13.2.1/../../../arm-none-eabi/lib/thumb/v7e-m/nofp/libc.a(libc_a-fflush.o)
 .comment       0x00000026       0x27 /usr/lib/gcc/arm-none-eabi/13.2.1/../../../arm-none-eabi/lib/thumb/v7e-m/nofp/libc.a(libc_a-errno.o)
 .comment       0x00000026       0x27 /usr/lib/gcc/arm-none-eabi/13.2.1/../../../arm-none-eabi/lib/thumb/v7e-m/nofp/libc.a(libc_a-impure.o)
 .comment       0x00000026       0x27 /usr/lib/gcc/arm-none-eabi/13.2.1/../../../arm-none-eabi/lib/thumb/v7e-m/nofp/libc.a(libc_a-freer.o)
 .comment       0x00000026       0x27 /usr/lib/gcc/arm-none-eabi/13.2.1/../../../arm-none-eabi/lib/thumb/v7e-m/nofp/libc.a(libc_a-sysconf.o)
 .comment       0x00000026       0x27 /usr/lib/gcc/arm-none-eabi/13.2.1/../../../arm-none-eabi/lib/thumb/v7e-m/nofp/libc.a(libc_a-init.o)
 .comment       0x00000026       0x27 /usr/lib/gcc/arm-none-eabi/13.2.1/../../../arm-none-eabi/lib/thumb/v7e-m/nofp/libc.a(libc_a-mlock.o)
 .comment       0x00000026       0x27 /usr/lib/gcc/arm-none-eabi/13.2.1/../../../arm-none-eabi/lib/thumb/v7e-m/nofp/libc.a(libc_a-findfp.o)
 .comment       0x00000026       0x27 /usr/lib/gcc/arm-none-eabi/13.2.1/../../../arm-none-eabi/lib/thumb/v7e-m/nofp/libc.a(libc_a-puts.o)
 .comment       0x00000026       0x27 /usr/lib/gcc/arm-none-eabi/13.2.1/../../../arm-none-eabi/lib/thumb/v7e-m/nofp/libc.a(libc_a-fvwrite.o)
 .comment       0x00000026       0x27 /usr/lib/gcc/arm-none-eabi/13.2.1/../../../arm-none-eabi/lib/thumb/v7e-m/nofp/libc.a(libc_a-atexit.o)
 .comment       0x00000026       0x27 /usr/lib/gcc/arm-none-eabi/13.2.1/../../../arm-none-eabi/lib/thumb/v7e-m/nofp/libc.a(libc_a-sprintf.o)
 .comment       0x00000026       0x27 /usr/lib/gcc/arm-none-eabi/13.2.1/../../../arm-none-eabi/lib/thumb/v7e-m/nofp/libc.a(libc_a-printf.o)
 .comment       0x00000026       0x27 /usr/lib/gcc/arm-none-eabi/13.2.1/../../../arm-none-eabi/lib/thumb/v7e-m/nofp/libc.a(libc_a-sbrkr.o)
 .comment       0x00000026       0x27 /usr/lib/gcc/arm-none-eabi/13.2.1/../../../arm-none-eabi/lib/thumb/v7e-m/nofp/libc.a(libc_a-fini.o)
 .comment       0x00000026       0x27 /usr/lib/gcc/arm-none-eabi/13.2.1/../../../arm-none-eabi/lib/thumb/v7e-m/nofp/libc.a(libc_a-fwalk.o)
 .comment       0x00000026       0x27 /usr/lib/gcc/arm-none-eabi/13.2.1/../../../arm-none-eabi/lib/thumb/v7e-m/nofp/libc.a(libc_a-vfprintf.o)
 .comment       0x00000026       0x27 /usr/lib/gcc/arm-none-eabi/13.2.1/../../../arm-none-eabi/lib/thumb/v7e-m/nofp/libc.a(libc_a-svfprintf.o)
 .comment       0x00000026       0x27 /usr/lib/gcc/arm-none-eabi/13.2.1/../../../arm-none-eabi/lib/thumb/v7e-m/nofp/libc.a(libc_a-memmove.o)
 .comment       0x00000026       0x27 /usr/lib/gcc/arm-none-eabi/13.2.1/../../../arm-none-eabi/lib/thumb/v7e-m/nofp/libc.a(libc_a-mallocr.o)
 .comment       0x00000026       0x27 /usr/lib/gcc/arm-none-eabi/13.2.1/../../../arm-none-eabi/lib/thumb/v7e-m/nofp/libc.a(libc_a-dtoa.o)
 .comment       0x00000026       0x27 /usr/lib/gcc/arm-none-eabi/13.2.1/../../../arm-none-eabi/lib/thumb/v7e-m/nofp/libc.a(libc_a-wsetup.o)
 .comment       0x00000026       0x27 /usr/lib/gcc/arm-none-eabi/13.2.1/../../../arm-none-eabi/lib/thumb/v7e-m/nofp/libc.a(libc_a-fclose.o)
 .comment       0x00000026       0x27 /usr/lib/gcc/arm-none-eabi/13.2.1/../../../arm-none-eabi/lib/thumb/v7e-m/nofp/libc.a(libc_a-__call_atexit.o)
 .comment       0x00000026       0x27 /usr/lib/gcc/arm-none-eabi/13.2.1/../../../arm-none-eabi/lib/thumb/v7e-m/nofp/libc.a(libc_a-stdio.o)
 .comment       0x00000026       0x27 /usr/lib/gcc/arm-none-eabi/13.2.1/../../../arm-none-eabi/lib/thumb/v7e-m/nofp/libc.a(libc_a-reent.o)
 .comment       0x00000026       0x27 /usr/lib/gcc/arm-none-eabi/13.2.1/../../../arm-none-eabi/lib/thumb/v7e-m/nofp/libc.a(libc_a-__atexit.o)
 .comment       0x00000026       0x27 /usr/lib/gcc/arm-none-eabi/13.2.1/../../../arm-none-eabi/lib/thumb/v7e-m/nofp/libc.a(libc_a-reallocr.o)
 .comment       0x00000026       0x27 /usr/lib/gcc/arm-none-eabi/13.2.1/../../../arm-none-eabi/lib/thumb/v7e-m/nofp/libc.a(libc_a-writer.o)
 .comment       0x00000026       0x27 /usr/lib/gcc/arm-none-eabi/13.2.1/../../../arm-none-eabi/lib/thumb/v7e-m/nofp/libc.a(libc_a-ssprint_r.o)
 .comment       0x00000026       0x27 /usr/lib/gcc/arm-none-eabi/13.2.1/../../../arm-none-eabi/lib/thumb/v7e-m/nofp/libc.a(libc_a-closer.o)
 .comment       0x00000026       0x27 /usr/lib/gcc/arm-none-eabi/13.2.1/../../../arm-none-eabi/lib/thumb/v7e-m/nofp/libc.a(libc_a-sprint_r.o)
 .comment       0x00000026       0x27 /usr/lib/gcc/arm-none-eabi/13.2.1/../../../arm-none-eabi/lib/thumb/v7e-m/nofp/libc.a(libc_a-assert.o)
 .comment       0x00000026       0x27 /usr/lib/gcc/arm-none-eabi/13.2.1/../../../arm-none-eabi/lib/thumb/v7e-m/nofp/libc.a(libc_a-mprec.o)
 .comment       0x00000026       0x27 /usr/lib/gcc/arm-none-eabi/13.2.1/../../../arm-none-eabi/lib/thumb/v7e-m/nofp/libc.a(libc_a-localeconv.o)
 .comment       0x00000026       0x27 /usr/lib/gcc/arm-none-eabi/13.2.1/../../../arm-none-eabi/lib/thumb/v7e-m/nofp/libc.a(libc_a-makebuf.o)
 .comment       0x00000026       0x27 /usr/lib/gcc/arm-none-eabi/13.2.1/../../../arm-none-eabi/lib/thumb/v7e-m/nofp/libc.a(libc_a-locale.o)
 .comment       0x00000026       0x27 /usr/lib/gcc/arm-none-eabi/13.2.1/../../../arm-none-eabi/lib/thumb/v7e-m/nofp/libc.a(libc_a-mbtowc_r.o)
 .comment       0x00000026       0x27 /usr/lib/gcc/arm-none-eabi/13.2.1/../../../arm-none-eabi/lib/thumb/v7e-m/nofp/libc.a(libc_a-abort.o)
 .comment       0x00000026       0x27 /usr/lib/gcc/arm-none-eabi/13.2.1/../../../arm-none-eabi/lib/thumb/v7e-m/nofp/libc.a(libc_a-callocr.o)
 .comment       0x00000026       0x27 /usr/lib/gcc/arm-none-eabi/13.2.1/../../../arm-none-eabi/lib/thumb/v7e-m/nofp/libc.a(libc_a-ssputs_r.o)
 .comment       0x00000026       0x27 /usr/lib/gcc/arm-none-eabi/13.2.1/../../../arm-none-eabi/lib/thumb/v7e-m/nofp/libc.a(libc_a-readr.o)
 .comment       0x00000026       0x27 /usr/lib/gcc/arm-none-eabi/13.2.1/../../../arm-none-eabi/lib/thumb/v7e-m/nofp/libc.a(libc_a-fiprintf.o)
 .comment       0x00000026       0x27 /usr/lib/gcc/arm-none-eabi/13.2.1/../../../arm-none-eabi/lib/thumb/v7e-m/nofp/libc.a(libc_a-wctomb_r.o)
 .comment       0x00000026       0x27 /usr/lib/gcc/arm-none-eabi/13.2.1/../../../arm-none-eabi/lib/thumb/v7e-m/nofp/libc.a(libc_a-lseekr.o)
 .comment       0x00000026       0x27 /usr/lib/gcc/arm-none-eabi/13.2.1/../../../arm-none-eabi/lib/thumb/v7e-m/nofp/libc.a(libc_a-fstatr.o)
 .comment       0x00000026       0x27 /usr/lib/gcc/arm-none-eabi/13.2.1/../../../arm-none-eabi/lib/thumb/v7e-m/nofp/libc.a(libc_a-isattyr.o)
 .comment       0x00000026       0x27 /usr/lib/gcc/arm-none-eabi/13.2.1/../../../arm-none-eabi/lib/thumb/v7e-m/nofp/libc.a(libc_a-ctype_.o)
 .comment       0x00000026       0x27 /usr/lib/gcc/arm-none-eabi/13.2.1/../../../arm-none-eabi/lib/thumb/v7e-m/nofp/libc.a(libc_a-signal.o)
 .comment       0x00000026       0x27 /usr/lib/gcc/arm-none-eabi/13.2.1/../../../arm-none-eabi/lib/thumb/v7e-m/nofp/libc.a(libc_a-signalr.o)
 .comment       0x00000026       0x27 /usr/lib/gcc/arm-none-eabi/13.2.1/../../../arm-none-eabi/lib/thumb/v7e-m/nofp/libc.a(libc_a-vfiprintf.o)
 .comment       0x00000026       0x27 /usr/lib/gcc/arm-none-eabi/13.2.1/../../../arm-none-eabi/lib/thumb/v7e-m/nofp/libnosys.a(_exit.o)
 .comment       0x00000026       0x27 /usr/lib/gcc/arm-none-eabi/13.2.1/thumb/v7e-m/nofp/libgcc.a(_udivmoddi4.o)
 .comment       0x00000026       0x27 /usr/lib/gcc/arm-none-eabi/13.2.1/thumb/v7e-m/nofp/crtend.o

.debug_info     0x00000000    0x2aca4
 .debug_info    0x00000000      0x3c0 /root/msdk-2024_02/Libraries/PeriphDrivers/bin/MAX78000/softfp/libPeriphDriver_softfp.a(mxc_delay.o)
 .debug_info    0x000003c0      0x7af /root/msdk-2024_02/Libraries/PeriphDrivers/bin/MAX78000/softfp/libPeriphDriver_softfp.a(nvic_table.o)
 .debug_info    0x00000b6f      0x90c /root/msdk-2024_02/Libraries/PeriphDrivers/bin/MAX78000/softfp/libPeriphDriver_softfp.a(pins_ai85.o)
 .debug_info    0x0000147b     0x1410 /root/msdk-2024_02/Libraries/PeriphDrivers/bin/MAX78000/softfp/libPeriphDriver_softfp.a(sys_ai85.o)
 .debug_info    0x0000288b      0xf40 /root/msdk-2024_02/Libraries/PeriphDrivers/bin/MAX78000/softfp/libPeriphDriver_softfp.a(flc_me17.o)
 .debug_info    0x000037cb      0xa40 /root/msdk-2024_02/Libraries/PeriphDrivers/bin/MAX78000/softfp/libPeriphDriver_softfp.a(flc_reva.o)
 .debug_info    0x0000420b     0x16da /root/msdk-2024_02/Libraries/PeriphDrivers/bin/MAX78000/softfp/libPeriphDriver_softfp.a(gpio_ai85.o)
 .debug_info    0x000058e5      0xa3b /root/msdk-2024_02/Libraries/PeriphDrivers/bin/MAX78000/softfp/libPeriphDriver_softfp.a(gpio_reva.o)
 .debug_info    0x00006320      0x3cf /root/msdk-2024_02/Libraries/PeriphDrivers/bin/MAX78000/softfp/libPeriphDriver_softfp.a(icc_me17.o)
 .debug_info    0x000066ef      0x280 /root/msdk-2024_02/Libraries/PeriphDrivers/bin/MAX78000/softfp/libPeriphDriver_softfp.a(icc_reva.o)
 .debug_info    0x0000696f     0x24eb /root/msdk-2024_02/Libraries/PeriphDrivers/bin/MAX78000/softfp/libPeriphDriver_softfp.a(uart_ai85.o)
 .debug_info    0x00008e5a      0x2da /root/msdk-2024_02/Libraries/PeriphDrivers/bin/MAX78000/softfp/libPeriphDriver_softfp.a(uart_common.o)
 .debug_info    0x00009134     0x2763 /root/msdk-2024_02/Libraries/PeriphDrivers/bin/MAX78000/softfp/libPeriphDriver_softfp.a(uart_revb.o)
 .debug_info    0x0000b897      0x3be /root/msdk-2024_02/Libraries/PeriphDrivers/bin/MAX78000/softfp/libPeriphDriver_softfp.a(flc_common.o)
 .debug_info    0x0000bc55      0x60c /root/msdk-2024_02/Libraries/PeriphDrivers/bin/MAX78000/softfp/libPeriphDriver_softfp.a(gpio_common.o)
 .debug_info    0x0000c261       0x33 /usr/lib/gcc/arm-none-eabi/13.2.1/../../../arm-none-eabi/lib/thumb/v7e-m/nofp/libc.a(libc_a-strlen.o)
 .debug_info    0x0000c294      0x135 /usr/lib/gcc/arm-none-eabi/13.2.1/../../../arm-none-eabi/lib/thumb/v7e-m/nofp/libc.a(libc_a-memset.o)
 .debug_info    0x0000c3c9      0xa4c /usr/lib/gcc/arm-none-eabi/13.2.1/../../../arm-none-eabi/lib/thumb/v7e-m/nofp/libc.a(libc_a-fflush.o)
 .debug_info    0x0000ce15      0x70f /usr/lib/gcc/arm-none-eabi/13.2.1/../../../arm-none-eabi/lib/thumb/v7e-m/nofp/libc.a(libc_a-errno.o)
 .debug_info    0x0000d524      0x729 /usr/lib/gcc/arm-none-eabi/13.2.1/../../../arm-none-eabi/lib/thumb/v7e-m/nofp/libc.a(libc_a-impure.o)
 .debug_info    0x0000dc4d      0xb55 /usr/lib/gcc/arm-none-eabi/13.2.1/../../../arm-none-eabi/lib/thumb/v7e-m/nofp/libc.a(libc_a-freer.o)
 .debug_info    0x0000e7a2       0x33 /usr/lib/gcc/arm-none-eabi/13.2.1/../../../arm-none-eabi/lib/thumb/v7e-m/nofp/libc.a(libc_a-memcpy.o)
 .debug_info    0x0000e7d5       0xc1 /usr/lib/gcc/arm-none-eabi/13.2.1/../../../arm-none-eabi/lib/thumb/v7e-m/nofp/libc.a(libc_a-sysconf.o)
 .debug_info    0x0000e896      0x10b /usr/lib/gcc/arm-none-eabi/13.2.1/../../../arm-none-eabi/lib/thumb/v7e-m/nofp/libc.a(libc_a-init.o)
 .debug_info    0x0000e9a1      0x73a /usr/lib/gcc/arm-none-eabi/13.2.1/../../../arm-none-eabi/lib/thumb/v7e-m/nofp/libc.a(libc_a-mlock.o)
 .debug_info    0x0000f0db      0xea8 /usr/lib/gcc/arm-none-eabi/13.2.1/../../../arm-none-eabi/lib/thumb/v7e-m/nofp/libc.a(libc_a-findfp.o)
 .debug_info    0x0000ff83      0x8fe /usr/lib/gcc/arm-none-eabi/13.2.1/../../../arm-none-eabi/lib/thumb/v7e-m/nofp/libc.a(libc_a-puts.o)
 .debug_info    0x00010881      0xb0c /usr/lib/gcc/arm-none-eabi/13.2.1/../../../arm-none-eabi/lib/thumb/v7e-m/nofp/libc.a(libc_a-fvwrite.o)
 .debug_info    0x0001138d      0x11e /usr/lib/gcc/arm-none-eabi/13.2.1/../../../arm-none-eabi/lib/thumb/v7e-m/nofp/libc.a(libc_a-atexit.o)
 .debug_info    0x000114ab      0x899 /usr/lib/gcc/arm-none-eabi/13.2.1/../../../arm-none-eabi/lib/thumb/v7e-m/nofp/libc.a(libc_a-sprintf.o)
 .debug_info    0x00011d44      0x855 /usr/lib/gcc/arm-none-eabi/13.2.1/../../../arm-none-eabi/lib/thumb/v7e-m/nofp/libc.a(libc_a-printf.o)
 .debug_info    0x00012599      0x796 /usr/lib/gcc/arm-none-eabi/13.2.1/../../../arm-none-eabi/lib/thumb/v7e-m/nofp/libc.a(libc_a-sbrkr.o)
 .debug_info    0x00012d2f       0xf7 /usr/lib/gcc/arm-none-eabi/13.2.1/../../../arm-none-eabi/lib/thumb/v7e-m/nofp/libc.a(libc_a-fini.o)
 .debug_info    0x00012e26      0x7e4 /usr/lib/gcc/arm-none-eabi/13.2.1/../../../arm-none-eabi/lib/thumb/v7e-m/nofp/libc.a(libc_a-fwalk.o)
 .debug_info    0x0001360a     0x1995 /usr/lib/gcc/arm-none-eabi/13.2.1/../../../arm-none-eabi/lib/thumb/v7e-m/nofp/libc.a(libc_a-vfprintf.o)
 .debug_info    0x00014f9f       0x25 /usr/lib/gcc/arm-none-eabi/13.2.1/../../../arm-none-eabi/lib/thumb/v7e-m/nofp/libc.a(libc_a-memchr.o)
 .debug_info    0x00014fc4     0x1789 /usr/lib/gcc/arm-none-eabi/13.2.1/../../../arm-none-eabi/lib/thumb/v7e-m/nofp/libc.a(libc_a-svfprintf.o)
 .debug_info    0x0001674d      0x148 /usr/lib/gcc/arm-none-eabi/13.2.1/../../../arm-none-eabi/lib/thumb/v7e-m/nofp/libc.a(libc_a-memmove.o)
 .debug_info    0x00016895      0xcd9 /usr/lib/gcc/arm-none-eabi/13.2.1/../../../arm-none-eabi/lib/thumb/v7e-m/nofp/libc.a(libc_a-mallocr.o)
 .debug_info    0x0001756e     0x18f3 /usr/lib/gcc/arm-none-eabi/13.2.1/../../../arm-none-eabi/lib/thumb/v7e-m/nofp/libc.a(libc_a-dtoa.o)
 .debug_info    0x00018e61      0x7cf /usr/lib/gcc/arm-none-eabi/13.2.1/../../../arm-none-eabi/lib/thumb/v7e-m/nofp/libc.a(libc_a-wsetup.o)
 .debug_info    0x00019630      0x8e6 /usr/lib/gcc/arm-none-eabi/13.2.1/../../../arm-none-eabi/lib/thumb/v7e-m/nofp/libc.a(libc_a-fclose.o)
 .debug_info    0x00019f16      0x284 /usr/lib/gcc/arm-none-eabi/13.2.1/../../../arm-none-eabi/lib/thumb/v7e-m/nofp/libc.a(libc_a-__call_atexit.o)
 .debug_info    0x0001a19a      0xa9e /usr/lib/gcc/arm-none-eabi/13.2.1/../../../arm-none-eabi/lib/thumb/v7e-m/nofp/libc.a(libc_a-stdio.o)
 .debug_info    0x0001ac38      0x831 /usr/lib/gcc/arm-none-eabi/13.2.1/../../../arm-none-eabi/lib/thumb/v7e-m/nofp/libc.a(libc_a-reent.o)
 .debug_info    0x0001b469      0x1fd /usr/lib/gcc/arm-none-eabi/13.2.1/../../../arm-none-eabi/lib/thumb/v7e-m/nofp/libc.a(libc_a-__atexit.o)
 .debug_info    0x0001b666      0xbc9 /usr/lib/gcc/arm-none-eabi/13.2.1/../../../arm-none-eabi/lib/thumb/v7e-m/nofp/libc.a(libc_a-reallocr.o)
 .debug_info    0x0001c22f      0x7d9 /usr/lib/gcc/arm-none-eabi/13.2.1/../../../arm-none-eabi/lib/thumb/v7e-m/nofp/libc.a(libc_a-writer.o)
 .debug_info    0x0001ca08      0x840 /usr/lib/gcc/arm-none-eabi/13.2.1/../../../arm-none-eabi/lib/thumb/v7e-m/nofp/libc.a(libc_a-ssprint_r.o)
 .debug_info    0x0001d248      0x770 /usr/lib/gcc/arm-none-eabi/13.2.1/../../../arm-none-eabi/lib/thumb/v7e-m/nofp/libc.a(libc_a-closer.o)
 .debug_info    0x0001d9b8      0x7ff /usr/lib/gcc/arm-none-eabi/13.2.1/../../../arm-none-eabi/lib/thumb/v7e-m/nofp/libc.a(libc_a-sprint_r.o)
 .debug_info    0x0001e1b7      0x843 /usr/lib/gcc/arm-none-eabi/13.2.1/../../../arm-none-eabi/lib/thumb/v7e-m/nofp/libc.a(libc_a-assert.o)
 .debug_info    0x0001e9fa     0x1e3a /usr/lib/gcc/arm-none-eabi/13.2.1/../../../arm-none-eabi/lib/thumb/v7e-m/nofp/libc.a(libc_a-mprec.o)
 .debug_info    0x00020834      0xa2c /usr/lib/gcc/arm-none-eabi/13.2.1/../../../arm-none-eabi/lib/thumb/v7e-m/nofp/libc.a(libc_a-localeconv.o)